Archive member included to satisfy reference by file (symbol)

c:/arm-gnu-toolchain-12.3.rel1-mingw-w64-i686-arm-none-eabi/bin/../lib/gcc/arm-none-eabi/12.3.1/thumb/v6-m/nofp\libc_nano.a(libc_a-exit.o)
                              c:/arm-gnu-toolchain-12.3.rel1-mingw-w64-i686-arm-none-eabi/bin/../lib/gcc/arm-none-eabi/12.3.1/thumb/v6-m/nofp/crt0.o (exit)
c:/arm-gnu-toolchain-12.3.rel1-mingw-w64-i686-arm-none-eabi/bin/../lib/gcc/arm-none-eabi/12.3.1/thumb/v6-m/nofp\libc_nano.a(libc_a-findfp.o)
                              c:/arm-gnu-toolchain-12.3.rel1-mingw-w64-i686-arm-none-eabi/bin/../lib/gcc/arm-none-eabi/12.3.1/thumb/v6-m/nofp\libc_nano.a(libc_a-exit.o) (__stdio_exit_handler)
c:/arm-gnu-toolchain-12.3.rel1-mingw-w64-i686-arm-none-eabi/bin/../lib/gcc/arm-none-eabi/12.3.1/thumb/v6-m/nofp\libc_nano.a(libc_a-fwalk.o)
                              c:/arm-gnu-toolchain-12.3.rel1-mingw-w64-i686-arm-none-eabi/bin/../lib/gcc/arm-none-eabi/12.3.1/thumb/v6-m/nofp\libc_nano.a(libc_a-findfp.o) (_fwalk_sglue)
c:/arm-gnu-toolchain-12.3.rel1-mingw-w64-i686-arm-none-eabi/bin/../lib/gcc/arm-none-eabi/12.3.1/thumb/v6-m/nofp\libc_nano.a(libc_a-stdio.o)
                              c:/arm-gnu-toolchain-12.3.rel1-mingw-w64-i686-arm-none-eabi/bin/../lib/gcc/arm-none-eabi/12.3.1/thumb/v6-m/nofp\libc_nano.a(libc_a-findfp.o) (__sread)
c:/arm-gnu-toolchain-12.3.rel1-mingw-w64-i686-arm-none-eabi/bin/../lib/gcc/arm-none-eabi/12.3.1/thumb/v6-m/nofp\libc_nano.a(libc_a-memset.o)
                              c:/arm-gnu-toolchain-12.3.rel1-mingw-w64-i686-arm-none-eabi/bin/../lib/gcc/arm-none-eabi/12.3.1/thumb/v6-m/nofp/crt0.o (memset)
c:/arm-gnu-toolchain-12.3.rel1-mingw-w64-i686-arm-none-eabi/bin/../lib/gcc/arm-none-eabi/12.3.1/thumb/v6-m/nofp\libc_nano.a(libc_a-closer.o)
                              c:/arm-gnu-toolchain-12.3.rel1-mingw-w64-i686-arm-none-eabi/bin/../lib/gcc/arm-none-eabi/12.3.1/thumb/v6-m/nofp\libc_nano.a(libc_a-stdio.o) (_close_r)
c:/arm-gnu-toolchain-12.3.rel1-mingw-w64-i686-arm-none-eabi/bin/../lib/gcc/arm-none-eabi/12.3.1/thumb/v6-m/nofp\libc_nano.a(libc_a-reent.o)
                              c:/arm-gnu-toolchain-12.3.rel1-mingw-w64-i686-arm-none-eabi/bin/../lib/gcc/arm-none-eabi/12.3.1/thumb/v6-m/nofp\libc_nano.a(libc_a-closer.o) (errno)
c:/arm-gnu-toolchain-12.3.rel1-mingw-w64-i686-arm-none-eabi/bin/../lib/gcc/arm-none-eabi/12.3.1/thumb/v6-m/nofp\libc_nano.a(libc_a-impure.o)
                              c:/arm-gnu-toolchain-12.3.rel1-mingw-w64-i686-arm-none-eabi/bin/../lib/gcc/arm-none-eabi/12.3.1/thumb/v6-m/nofp\libc_nano.a(libc_a-reent.o) (_impure_ptr)
c:/arm-gnu-toolchain-12.3.rel1-mingw-w64-i686-arm-none-eabi/bin/../lib/gcc/arm-none-eabi/12.3.1/thumb/v6-m/nofp\libc_nano.a(libc_a-lseekr.o)
                              c:/arm-gnu-toolchain-12.3.rel1-mingw-w64-i686-arm-none-eabi/bin/../lib/gcc/arm-none-eabi/12.3.1/thumb/v6-m/nofp\libc_nano.a(libc_a-stdio.o) (_lseek_r)
c:/arm-gnu-toolchain-12.3.rel1-mingw-w64-i686-arm-none-eabi/bin/../lib/gcc/arm-none-eabi/12.3.1/thumb/v6-m/nofp\libc_nano.a(libc_a-readr.o)
                              c:/arm-gnu-toolchain-12.3.rel1-mingw-w64-i686-arm-none-eabi/bin/../lib/gcc/arm-none-eabi/12.3.1/thumb/v6-m/nofp\libc_nano.a(libc_a-stdio.o) (_read_r)
c:/arm-gnu-toolchain-12.3.rel1-mingw-w64-i686-arm-none-eabi/bin/../lib/gcc/arm-none-eabi/12.3.1/thumb/v6-m/nofp\libc_nano.a(libc_a-writer.o)
                              c:/arm-gnu-toolchain-12.3.rel1-mingw-w64-i686-arm-none-eabi/bin/../lib/gcc/arm-none-eabi/12.3.1/thumb/v6-m/nofp\libc_nano.a(libc_a-stdio.o) (_write_r)
c:/arm-gnu-toolchain-12.3.rel1-mingw-w64-i686-arm-none-eabi/bin/../lib/gcc/arm-none-eabi/12.3.1/thumb/v6-m/nofp\libc_nano.a(libc_a-init.o)
                              c:/arm-gnu-toolchain-12.3.rel1-mingw-w64-i686-arm-none-eabi/bin/../lib/gcc/arm-none-eabi/12.3.1/thumb/v6-m/nofp/crt0.o (__libc_init_array)
c:/arm-gnu-toolchain-12.3.rel1-mingw-w64-i686-arm-none-eabi/bin/../lib/gcc/arm-none-eabi/12.3.1/thumb/v6-m/nofp\libc_nano.a(libc_a-lock.o)
                              c:/arm-gnu-toolchain-12.3.rel1-mingw-w64-i686-arm-none-eabi/bin/../lib/gcc/arm-none-eabi/12.3.1/thumb/v6-m/nofp\libc_nano.a(libc_a-findfp.o) (__retarget_lock_init_recursive)
c:/arm-gnu-toolchain-12.3.rel1-mingw-w64-i686-arm-none-eabi/bin/../lib/gcc/arm-none-eabi/12.3.1/thumb/v6-m/nofp\libc_nano.a(libc_a-memcpy-stub.o)
                              build/system_stm32f0xx.o (memcpy)
c:/arm-gnu-toolchain-12.3.rel1-mingw-w64-i686-arm-none-eabi/bin/../lib/gcc/arm-none-eabi/12.3.1/thumb/v6-m/nofp\libc_nano.a(libc_a-freer.o)
                              c:/arm-gnu-toolchain-12.3.rel1-mingw-w64-i686-arm-none-eabi/bin/../lib/gcc/arm-none-eabi/12.3.1/thumb/v6-m/nofp\libc_nano.a(libc_a-reent.o) (_free_r)
c:/arm-gnu-toolchain-12.3.rel1-mingw-w64-i686-arm-none-eabi/bin/../lib/gcc/arm-none-eabi/12.3.1/thumb/v6-m/nofp\libc_nano.a(libc_a-mallocr.o)
[...]
Memory Configuration

Name             Origin             Length             Attributes
RAM              0x20000000         0x00004000         xrw
FLASH            0x08000000         0x00020000         xr
*default*        0x00000000         0xffffffff

Linker script and memory map

LOAD c:/arm-gnu-toolchain-12.3.rel1-mingw-w64-i686-arm-none-eabi/bin/../lib/gcc/arm-none-eabi/12.3.1/thumb/v6-m/nofp/crti.o
LOAD c:/arm-gnu-toolchain-12.3.rel1-mingw-w64-i686-arm-none-eabi/bin/../lib/gcc/arm-none-eabi/12.3.1/thumb/v6-m/nofp/crtbegin.o
LOAD c:/arm-gnu-toolchain-12.3.rel1-mingw-w64-i686-arm-none-eabi/bin/../lib/gcc/arm-none-eabi/12.3.1/thumb/v6-m/nofp/crt0.o
LOAD build/my_gpio.o
LOAD build/flash.o
LOAD build/led.o
LOAD build/main.o
LOAD build/timers.o
LOAD build/syscalls.o
LOAD build/stm32f0xx_it.o
LOAD build/stm32f0xx_hal_msp.o
LOAD build/stm32f0xx_hal_tim.o
LOAD build/stm32f0xx_hal_tim_ex.o
LOAD build/stm32f0xx_hal_rcc.o
LOAD build/stm32f0xx_hal_rcc_ex.o
LOAD build/stm32f0xx_hal.o
LOAD build/stm32f0xx_hal_i2c.o
LOAD build/stm32f0xx_hal_i2c_ex.o
LOAD build/stm32f0xx_hal_gpio.o
LOAD build/stm32f0xx_hal_dma.o
LOAD build/stm32f0xx_hal_cortex.o
LOAD build/stm32f0xx_hal_pwr.o
LOAD build/stm32f0xx_hal_pwr_ex.o
LOAD build/stm32f0xx_hal_flash.o
LOAD build/stm32f0xx_hal_flash_ex.o
LOAD build/stm32f0xx_hal_exti.o
LOAD build/system_stm32f0xx.o
LOAD build/startup_stm32f072xb.o
LOAD c:/arm-gnu-toolchain-12.3.rel1-mingw-w64-i686-arm-none-eabi/bin/../lib/gcc/arm-none-eabi/12.3.1/thumb/v6-m/nofp\libc_nano.a
LOAD c:/arm-gnu-toolchain-12.3.rel1-mingw-w64-i686-arm-none-eabi/bin/../lib/gcc/arm-none-eabi/12.3.1/thumb/v6-m/nofp\libm.a
LOAD c:/arm-gnu-toolchain-12.3.rel1-mingw-w64-i686-arm-none-eabi/bin/../lib/gcc/arm-none-eabi/12.3.1/thumb/v6-m/nofp\libnosys.a
START GROUP
LOAD c:/arm-gnu-toolchain-12.3.rel1-mingw-w64-i686-arm-none-eabi/bin/../lib/gcc/arm-none-eabi/12.3.1/thumb/v6-m/nofp\libgcc.a
LOAD c:/arm-gnu-toolchain-12.3.rel1-mingw-w64-i686-arm-none-eabi/bin/../lib/gcc/arm-none-eabi/12.3.1/thumb/v6-m/nofp\libc_nano.a
END GROUP
START GROUP
LOAD c:/arm-gnu-toolchain-12.3.rel1-mingw-w64-i686-arm-none-eabi/bin/../lib/gcc/arm-none-eabi/12.3.1/thumb/v6-m/nofp\libgcc.a
LOAD c:/arm-gnu-toolchain-12.3.rel1-mingw-w64-i686-arm-none-eabi/bin/../lib/gcc/arm-none-eabi/12.3.1/thumb/v6-m/nofp\libc_nano.a
END GROUP
LOAD c:/arm-gnu-toolchain-12.3.rel1-mingw-w64-i686-arm-none-eabi/bin/../lib/gcc/arm-none-eabi/12.3.1/thumb/v6-m/nofp/crtend.o
LOAD c:/arm-gnu-toolchain-12.3.rel1-mingw-w64-i686-arm-none-eabi/bin/../lib/gcc/arm-none-eabi/12.3.1/thumb/v6-m/nofp/crtn.o
                0x20004000                        _estack = (ORIGIN (RAM) + LENGTH (RAM))
                0x00000200                        _Min_Heap_Size = 0x200
                0x00000400                        _Min_Stack_Size = 0x400

.isr_vector     0x08000000       0xc0
                0x08000000                        . = ALIGN (0x4)
 *(.isr_vector)
 .isr_vector    0x08000000       0xc0 build/startup_stm32f072xb.o
                0x08000000                g_pfnVectors
                0x080000c0                        . = ALIGN (0x4)

.ram_isr_vector
                0x20000000       0xc0
                0x20000000                        ram_isr_vector = .
                0x200000c0                        . = (. + SIZEOF (.isr_vector))
 *fill*         0x20000000       0xc0 
                0x200000c0                        ram_isr_vector_end = .

.text           0x080000c0      0xf80
                0x080000c0                        . = ALIGN (0x4)
 *(.text)
 .text          0x080000c0      0x114 c:/arm-gnu-toolchain-12.3.rel1-mingw-w64-i686-arm-none-eabi/bin/../lib/gcc/arm-none-eabi/12.3.1/thumb/v6-m/nofp\libgcc.a(_udivsi3.o)
                0x080000c0                __aeabi_uidiv
                0x080000c0                __udivsi3
                0x080001cc                __aeabi_uidivmod
 .text          0x080001d4        0x4 c:/arm-gnu-toolchain-12.3.rel1-mingw-w64-i686-arm-none-eabi/bin/../lib/gcc/arm-none-eabi/12.3.1/thumb/v6-m/nofp\libgcc.a(_dvmd_tls.o)
                0x080001d4                __aeabi_idiv0
                0x080001d4                __aeabi_ldiv0
 *(.text*)
 .text.deregister_tm_clones
                0x080001d8       0x20 c:/arm-gnu-toolchain-12.3.rel1-mingw-w64-i686-arm-none-eabi/bin/../lib/gcc/arm-none-eabi/12.3.1/thumb/v6-m/nofp/crtbegin.o
 .text.register_tm_clones
                0x080001f8       0x28 c:/arm-gnu-toolchain-12.3.rel1-mingw-w64-i686-arm-none-eabi/bin/../lib/gcc/arm-none-eabi/12.3.1/thumb/v6-m/nofp/crtbegin.o
 .text.__do_global_dtors_aux
                0x08000220       0x2c c:/arm-gnu-toolchain-12.3.rel1-mingw-w64-i686-arm-none-eabi/bin/../lib/gcc/arm-none-eabi/12.3.1/thumb/v6-m/nofp/crtbegin.o
 .text.frame_dummy
                0x0800024c       0x24 c:/arm-gnu-toolchain-12.3.rel1-mingw-w64-i686-arm-none-eabi/bin/../lib/gcc/arm-none-eabi/12.3.1/thumb/v6-m/nofp/crtbegin.o
 .text.My_LED_Init
                0x08000270       0xa4 build/led.o
                0x08000270                My_LED_Init
 .text.Setup_Timer2
                0x08000314       0x5c build/main.o
 .text.Error_Handler
                0x08000370        0x4 build/main.o
                0x08000370                Error_Handler
 .text.SystemClock_Config
                0x08000374       0x58 build/main.o
                0x08000374                SystemClock_Config
 .text.main     0x080003cc      0x100 build/main.o
                0x080003cc                main
 .text.HAL_MspInit
                0x080004cc       0x30 build/stm32f0xx_hal_msp.o
                0x080004cc                HAL_MspInit
 .text.HAL_RCC_OscConfig
                0x080004fc      0x544 build/stm32f0xx_hal_rcc.o
                0x080004fc                HAL_RCC_OscConfig
 .text.HAL_RCC_GetSysClockFreq
                0x08000a40       0x78 build/stm32f0xx_hal_rcc.o
                0x08000a40                HAL_RCC_GetSysClockFreq
 .text.HAL_RCC_ClockConfig
                0x08000ab8      0x144 build/stm32f0xx_hal_rcc.o
                0x08000ab8                HAL_RCC_ClockConfig
 .text.HAL_InitTick
                0x08000bfc       0x50 build/stm32f0xx_hal.o
                0x08000bfc                HAL_InitTick
 .text.HAL_Init
                0x08000c4c       0x20 build/stm32f0xx_hal.o
                0x08000c4c                HAL_Init
 .text.HAL_GetTick
                0x08000c6c        0xc build/stm32f0xx_hal.o
                0x08000c6c                HAL_GetTick
 .text.HAL_Delay
                0x08000c78       0x24 build/stm32f0xx_hal.o
                0x08000c78                HAL_Delay
 .text.HAL_GPIO_Init
                0x08000c9c      0x198 build/stm32f0xx_hal_gpio.o
                0x08000c9c                HAL_GPIO_Init
 .text.HAL_GPIO_WritePin
                0x08000e34        0xc build/stm32f0xx_hal_gpio.o
                0x08000e34                HAL_GPIO_WritePin
 .text.__NVIC_SetPriority
                0x08000e40       0x60 build/stm32f0xx_hal_cortex.o
 .text.SysTick_Config
                0x08000ea0       0x38 build/stm32f0xx_hal_cortex.o
 .text.HAL_NVIC_SetPriority
                0x08000ed8        0x8 build/stm32f0xx_hal_cortex.o
                0x08000ed8                HAL_NVIC_SetPriority
 .text.HAL_SYSTICK_Config
                0x08000ee0        0x8 build/stm32f0xx_hal_cortex.o
                0x08000ee0                HAL_SYSTICK_Config
 .text.SystemInit
                0x08000ee8       0x2c build/system_stm32f0xx.o
                0x08000ee8                SystemInit
 .text.Reset_Handler
                0x08000f14       0x50 build/startup_stm32f072xb.o
                0x08000f14                Reset_Handler
 .text.Default_Handler
                0x08000f64        0x2 build/startup_stm32f072xb.o
                0x08000f64                TIM1_CC_IRQHandler
                0x08000f64                TSC_IRQHandler
                0x08000f64                ADC1_COMP_IRQHandler
                0x08000f64                I2C1_IRQHandler
                0x08000f64                RCC_CRS_IRQHandler
                0x08000f64                SPI1_IRQHandler
                0x08000f64                TIM6_DAC_IRQHandler
                0x08000f64                USART3_4_IRQHandler
                0x08000f64                EXTI2_3_IRQHandler
                0x08000f64                I2C2_IRQHandler
                0x08000f64                TIM17_IRQHandler
                0x08000f64                CEC_CAN_IRQHandler
                0x08000f64                RTC_IRQHandler
                0x08000f64                PVD_VDDIO2_IRQHandler
                0x08000f64                DMA1_Channel4_5_6_7_IRQHandler
                0x08000f64                TIM16_IRQHandler
                0x08000f64                TIM3_IRQHandler
                0x08000f64                EXTI4_15_IRQHandler
                0x08000f64                DMA1_Channel1_IRQHandler
                0x08000f64                Default_Handler
                0x08000f64                TIM14_IRQHandler
                0x08000f64                TIM7_IRQHandler
                0x08000f64                TIM15_IRQHandler
                0x08000f64                EXTI0_1_IRQHandler
                0x08000f64                USB_IRQHandler
                0x08000f64                SPI2_IRQHandler
                0x08000f64                WWDG_IRQHandler
                0x08000f64                DMA1_Channel2_3_IRQHandler
                0x08000f64                USART2_IRQHandler
                0x08000f64                FLASH_IRQHandler
                0x08000f64                USART1_IRQHandler
                0x08000f64                TIM1_BRK_UP_TRG_COM_IRQHandler
 .text.memset   0x08000f66       0x10 c:/arm-gnu-toolchain-12.3.rel1-mingw-w64-i686-arm-none-eabi/bin/../lib/gcc/arm-none-eabi/12.3.1/thumb/v6-m/nofp\libc_nano.a(libc_a-memset.o)
                0x08000f66                memset
 *fill*         0x08000f76        0x2 
 .text.__libc_init_array
                0x08000f78       0x48 c:/arm-gnu-toolchain-12.3.rel1-mingw-w64-i686-arm-none-eabi/bin/../lib/gcc/arm-none-eabi/12.3.1/thumb/v6-m/nofp\libc_nano.a(libc_a-init.o)
                0x08000f78                __libc_init_array
 .text.memcpy   0x08000fc0       0x12 c:/arm-gnu-toolchain-12.3.rel1-mingw-w64-i686-arm-none-eabi/bin/../lib/gcc/arm-none-eabi/12.3.1/thumb/v6-m/nofp\libc_nano.a(libc_a-memcpy-stub.o)
                0x08000fc0                memcpy
 *(.glue_7)
 .glue_7        0x08000fd2        0x0 linker stubs
 *(.glue_7t)
 .glue_7t       0x08000fd2        0x0 linker stubs
 *(.eh_frame)
 *fill*         0x08000fd2        0x2 
 .eh_frame      0x08000fd4        0x0 c:/arm-gnu-toolchain-12.3.rel1-mingw-w64-i686-arm-none-eabi/bin/../lib/gcc/arm-none-eabi/12.3.1/thumb/v6-m/nofp/crtbegin.o
 *(.init)
 .init          0x08000fd4        0x4 c:/arm-gnu-toolchain-12.3.rel1-mingw-w64-i686-arm-none-eabi/bin/../lib/gcc/arm-none-eabi/12.3.1/thumb/v6-m/nofp/crti.o
                0x08000fd4                _init
 .init          0x08000fd8        0x8 c:/arm-gnu-toolchain-12.3.rel1-mingw-w64-i686-arm-none-eabi/bin/../lib/gcc/arm-none-eabi/12.3.1/thumb/v6-m/nofp/crtn.o
 *(.fini)
 .fini          0x08000fe0        0x4 c:/arm-gnu-toolchain-12.3.rel1-mingw-w64-i686-arm-none-eabi/bin/../lib/gcc/arm-none-eabi/12.3.1/thumb/v6-m/nofp/crti.o
                0x08000fe0                _fini
 .fini          0x08000fe4        0x8 c:/arm-gnu-toolchain-12.3.rel1-mingw-w64-i686-arm-none-eabi/bin/../lib/gcc/arm-none-eabi/12.3.1/thumb/v6-m/nofp/crtn.o
 *fill*         0x08000fec        0x4 
 .fini.__stub   0x08000ff0       0x50 linker stubs
                0x08001040                        . = ALIGN (0x4)
                0x08001040                        _etext = .

.vfp11_veneer   0x08001040        0x0
 .vfp11_veneer  0x08001040        0x0 linker stubs

.v4_bx          0x08001040        0x0
 .v4_bx         0x08001040        0x0 linker stubs

.iplt           0x08001040        0x0
 .iplt          0x08001040        0x0 c:/arm-gnu-toolchain-12.3.rel1-mingw-w64-i686-arm-none-eabi/bin/../lib/gcc/arm-none-eabi/12.3.1/thumb/v6-m/nofp/crtbegin.o

.rodata         0x08001040       0x4c
                0x08001040                        . = ALIGN (0x4)
 *(.rodata)
 .rodata        0x08001040       0x14 build/main.o
 *(.rodata*)
 .rodata.My_LED_PIN
                0x08001054        0x8 build/led.o
                0x08001054                My_LED_PIN
 .rodata.aPredivFactorTable.0
                0x0800105c       0x10 build/stm32f0xx_hal_rcc.o
 .rodata.aPLLMULFactorTable.1
                0x0800106c       0x10 build/stm32f0xx_hal_rcc.o
 .rodata.AHBPrescTable
                0x0800107c       0x10 build/system_stm32f0xx.o
                0x0800107c                AHBPrescTable
                0x0800108c                        . = ALIGN (0x4)

.rel.dyn        0x0800108c        0x0
 .rel.iplt      0x0800108c        0x0 c:/arm-gnu-toolchain-12.3.rel1-mingw-w64-i686-arm-none-eabi/bin/../lib/gcc/arm-none-eabi/12.3.1/thumb/v6-m/nofp/crtbegin.o

.ARM.extab
 *(.ARM.extab* .gnu.linkonce.armextab.*)

.ARM            0x0800108c        0x0
                0x0800108c                        __exidx_start = .
 *(.ARM.exidx*)
                0x0800108c                        __exidx_end = .

.preinit_array  0x0800108c        0x0
                0x0800108c                        PROVIDE (__preinit_array_start = .)
 *(.preinit_array*)
                0x0800108c                        PROVIDE (__preinit_array_end = .)

.init_array     0x0800108c        0x4
                0x0800108c                        PROVIDE (__init_array_start = .)
 *(SORT_BY_NAME(.init_array.*))
 *(.init_array*)
 .init_array    0x0800108c        0x4 c:/arm-gnu-toolchain-12.3.rel1-mingw-w64-i686-arm-none-eabi/bin/../lib/gcc/arm-none-eabi/12.3.1/thumb/v6-m/nofp/crtbegin.o
                0x08001090                        PROVIDE (__init_array_end = .)

.fini_array     0x08001090        0x4
                [!provide]                        PROVIDE (__fini_array_start = .)
 *(SORT_BY_NAME(.fini_array.*))
 *(.fini_array*)
 .fini_array    0x08001090        0x4 c:/arm-gnu-toolchain-12.3.rel1-mingw-w64-i686-arm-none-eabi/bin/../lib/gcc/arm-none-eabi/12.3.1/thumb/v6-m/nofp/crtbegin.o
                [!provide]                        PROVIDE (__fini_array_end = .)
                0x08001094                        _sidata = LOADADDR (.data)

.data           0x200000c0      0x310 load address 0x08001094
                0x200000c0                        . = ALIGN (0x4)
                0x200000c0                        _sdata = .
 *(.data)
 *(.data*)
 .data.My_LED_PORT
                0x200000c0       0x10 build/led.o
                0x200000c0                My_LED_PORT
 .data.uwTickFreq
                0x200000d0        0x1 build/stm32f0xx_hal.o
                0x200000d0                uwTickFreq
 *fill*         0x200000d1        0x3 
 .data.uwTickPrio
                0x200000d4        0x4 build/stm32f0xx_hal.o
                0x200000d4                uwTickPrio
 .data.SystemCoreClock
                0x200000d8        0x4 build/system_stm32f0xx.o
                0x200000d8                SystemCoreClock
                0x200000dc                        . = ALIGN (0x4)
 *(.RamFunc)
 .RamFunc       0x200000dc       0x1c build/my_gpio.o
                0x200000dc                My_GPIO_WritePin
                0x200000e8                My_GPIO_TogglePin
 .RamFunc       0x200000f8      0x1e8 build/flash.o
                0x20000228                My_FLASH_Unlock
                0x20000258                DoErase
 .RamFunc       0x200002e0       0x40 build/main.o
 .RamFunc       0x20000320       0x24 build/timers.o
                0x20000320                Delay
 .RamFunc       0x20000344       0x8c build/stm32f0xx_it.o
                0x20000344                NMI_Handler
                0x20000346                HardFault_Handler
                0x20000348                SVC_Handler
                0x2000034a                PendSV_Handler
                0x2000034c                SysTick_Handler
                0x20000394                DefaultHandler
                0x20000396                TIM2_IRQHandler
 *(.RamFunc*)
                0x200003d0                        . = ALIGN (0x4)
                0x200003d0                        _edata = .

.tm_clone_table
                0x200003d0        0x0 load address 0x080013a4
 .tm_clone_table
                0x200003d0        0x0 c:/arm-gnu-toolchain-12.3.rel1-mingw-w64-i686-arm-none-eabi/bin/../lib/gcc/arm-none-eabi/12.3.1/thumb/v6-m/nofp/crtbegin.o
 .tm_clone_table
                0x200003d0        0x0 c:/arm-gnu-toolchain-12.3.rel1-mingw-w64-i686-arm-none-eabi/bin/../lib/gcc/arm-none-eabi/12.3.1/thumb/v6-m/nofp/crtend.o

.igot.plt       0x200003d0        0x0 load address 0x080013a4
 .igot.plt      0x200003d0        0x0 c:/arm-gnu-toolchain-12.3.rel1-mingw-w64-i686-arm-none-eabi/bin/../lib/gcc/arm-none-eabi/12.3.1/thumb/v6-m/nofp/crtbegin.o
                0x200003d0                        . = ALIGN (0x4)

.bss            0x200003d0       0x2c load address 0x080013a4
                0x200003d0                        _sbss = .
                0x200003d0                        __bss_start__ = _sbss
 *(.bss)
 *(.bss*)
 .bss.completed.1
                0x200003d0        0x1 c:/arm-gnu-toolchain-12.3.rel1-mingw-w64-i686-arm-none-eabi/bin/../lib/gcc/arm-none-eabi/12.3.1/thumb/v6-m/nofp/crtbegin.o
 *fill*         0x200003d1        0x3 
 .bss.object.0  0x200003d4       0x18 c:/arm-gnu-toolchain-12.3.rel1-mingw-w64-i686-arm-none-eabi/bin/../lib/gcc/arm-none-eabi/12.3.1/thumb/v6-m/nofp/crtbegin.o
 .bss.tick2     0x200003ec        0x4 build/timers.o
                0x200003ec                tick2
 .bss.tickcounter
                0x200003f0        0x4 build/timers.o
                0x200003f0                tickcounter
 .bss.enable_counter
                0x200003f4        0x4 build/timers.o
                0x200003f4                enable_counter
 .bss.uwTick    0x200003f8        0x4 build/stm32f0xx_hal.o
                0x200003f8                uwTick
 *(COMMON)
                0x200003fc                        . = ALIGN (0x4)
                0x200003fc                        _ebss = .
                0x200003fc                        __bss_end__ = _ebss

._user_heap_stack
                0x200003fc      0x604 load address 0x080013a4
                0x20000400                        . = ALIGN (0x8)
 *fill*         0x200003fc        0x4 
                0x20000400                        PROVIDE (end = .)
                [!provide]                        PROVIDE (_end = .)
                0x20000600                        . = (. + _Min_Heap_Size)
 *fill*         0x20000400      0x200 
                0x20000a00                        . = (. + _Min_Stack_Size)
 *fill*         0x20000600      0x400 
                0x20000a00                        . = ALIGN (0x8)

/DISCARD/
 libc.a(*)
 libm.a(*)
 libgcc.a(*)

.ARM.attributes
                0x00000000       0x28
 *(.ARM.attributes)
 .ARM.attributes
                0x00000000       0x1e c:/arm-gnu-toolchain-12.3.rel1-mingw-w64-i686-arm-none-eabi/bin/../lib/gcc/arm-none-eabi/12.3.1/thumb/v6-m/nofp/crti.o
 .ARM.attributes
                0x0000001e       0x2c c:/arm-gnu-toolchain-12.3.rel1-mingw-w64-i686-arm-none-eabi/bin/../lib/gcc/arm-none-eabi/12.3.1/thumb/v6-m/nofp/crtbegin.o
 .ARM.attributes
                0x0000004a       0x2c build/my_gpio.o
 .ARM.attributes
                0x00000076       0x2c build/flash.o
 .ARM.attributes
                0x000000a2       0x2c build/led.o
 .ARM.attributes
                0x000000ce       0x2c build/main.o
 .ARM.attributes
                0x000000fa       0x2c build/timers.o
 .ARM.attributes
                0x00000126       0x2c build/stm32f0xx_it.o
 .ARM.attributes
                0x00000152       0x2c build/stm32f0xx_hal_msp.o
 .ARM.attributes
                0x0000017e       0x2c build/stm32f0xx_hal_rcc.o
 .ARM.attributes
                0x000001aa       0x2c build/stm32f0xx_hal.o
 .ARM.attributes
                0x000001d6       0x2c build/stm32f0xx_hal_gpio.o
 .ARM.attributes
                0x00000202       0x2c build/stm32f0xx_hal_cortex.o
 .ARM.attributes
                0x0000022e       0x2c build/system_stm32f0xx.o
 .ARM.attributes
                0x0000025a       0x21 build/startup_stm32f072xb.o
 .ARM.attributes
                0x0000027b       0x2c c:/arm-gnu-toolchain-12.3.rel1-mingw-w64-i686-arm-none-eabi/bin/../lib/gcc/arm-none-eabi/12.3.1/thumb/v6-m/nofp\libc_nano.a(libc_a-memset.o)
 .ARM.attributes
                0x000002a7       0x2c c:/arm-gnu-toolchain-12.3.rel1-mingw-w64-i686-arm-none-eabi/bin/../lib/gcc/arm-none-eabi/12.3.1/thumb/v6-m/nofp\libc_nano.a(libc_a-init.o)
 .ARM.attributes
                0x000002d3       0x2c c:/arm-gnu-toolchain-12.3.rel1-mingw-w64-i686-arm-none-eabi/bin/../lib/gcc/arm-none-eabi/12.3.1/thumb/v6-m/nofp\libc_nano.a(libc_a-memcpy-stub.o)
 .ARM.attributes
                0x000002ff       0x1e c:/arm-gnu-toolchain-12.3.rel1-mingw-w64-i686-arm-none-eabi/bin/../lib/gcc/arm-none-eabi/12.3.1/thumb/v6-m/nofp\libgcc.a(_udivsi3.o)
 .ARM.attributes
                0x0000031d       0x1e c:/arm-gnu-toolchain-12.3.rel1-mingw-w64-i686-arm-none-eabi/bin/../lib/gcc/arm-none-eabi/12.3.1/thumb/v6-m/nofp\libgcc.a(_dvmd_tls.o)
 .ARM.attributes
                0x0000033b       0x2c c:/arm-gnu-toolchain-12.3.rel1-mingw-w64-i686-arm-none-eabi/bin/../lib/gcc/arm-none-eabi/12.3.1/thumb/v6-m/nofp/crtend.o
 .ARM.attributes
                0x00000367       0x1e c:/arm-gnu-toolchain-12.3.rel1-mingw-w64-i686-arm-none-eabi/bin/../lib/gcc/arm-none-eabi/12.3.1/thumb/v6-m/nofp/crtn.o
OUTPUT(build/flash_erase_no_stall_makefile.elf elf32-littlearm)
LOAD linker stubs
LOAD c:/arm-gnu-toolchain-12.3.rel1-mingw-w64-i686-arm-none-eabi/bin/../lib/gcc/arm-none-eabi/12.3.1/thumb/v6-m/nofp\libc.a
LOAD c:/arm-gnu-toolchain-12.3.rel1-mingw-w64-i686-arm-none-eabi/bin/../lib/gcc/arm-none-eabi/12.3.1/thumb/v6-m/nofp\libm.a
LOAD c:/arm-gnu-toolchain-12.3.rel1-mingw-w64-i686-arm-none-eabi/bin/../lib/gcc/arm-none-eabi/12.3.1/thumb/v6-m/nofp\libgcc.a

.debug_info     0x00000000     0x4e88
 .debug_info    0x00000000      0x238 build/my_gpio.o
 .debug_info    0x00000238      0x7aa build/flash.o
 .debug_info    0x000009e2      0x4c4 build/led.o
 .debug_info    0x00000ea6      0xf3a build/main.o
 .debug_info    0x00001de0      0x1d2 build/timers.o
 .debug_info    0x00001fb2      0x549 build/stm32f0xx_it.o
 .debug_info    0x000024fb      0x1d9 build/stm32f0xx_hal_msp.o
 .debug_info    0x000026d4      0xba8 build/stm32f0xx_hal_rcc.o
 .debug_info    0x0000327c      0x84b build/stm32f0xx_hal.o
 .debug_info    0x00003ac7      0x6da build/stm32f0xx_hal_gpio.o
 .debug_info    0x000041a1      0x8d8 build/stm32f0xx_hal_cortex.o
 .debug_info    0x00004a79      0x3df build/system_stm32f0xx.o
 .debug_info    0x00004e58       0x30 build/startup_stm32f072xb.o

.debug_abbrev   0x00000000     0x1722
 .debug_abbrev  0x00000000      0x128 build/my_gpio.o
 .debug_abbrev  0x00000128      0x284 build/flash.o
 .debug_abbrev  0x000003ac      0x19d build/led.o
 .debug_abbrev  0x00000549      0x2ea build/main.o
 .debug_abbrev  0x00000833      0x100 build/timers.o
 .debug_abbrev  0x00000933      0x1ac build/stm32f0xx_it.o
 .debug_abbrev  0x00000adf       0xc1 build/stm32f0xx_hal_msp.o
 .debug_abbrev  0x00000ba0      0x2b4 build/stm32f0xx_hal_rcc.o
 .debug_abbrev  0x00000e54      0x237 build/stm32f0xx_hal.o
 .debug_abbrev  0x0000108b      0x222 build/stm32f0xx_hal_gpio.o
 .debug_abbrev  0x000012ad      0x2f4 build/stm32f0xx_hal_cortex.o
 .debug_abbrev  0x000015a1      0x164 build/system_stm32f0xx.o
 .debug_abbrev  0x00001705       0x1d build/startup_stm32f072xb.o

.debug_loc      0x00000000     0x1956
 .debug_loc     0x00000000       0x3a build/my_gpio.o
 .debug_loc     0x0000003a      0x359 build/flash.o
 .debug_loc     0x00000393       0x5e build/led.o
 .debug_loc     0x000003f1      0x146 build/main.o
 .debug_loc     0x00000537       0x4f build/timers.o
 .debug_loc     0x00000586       0x6c build/stm32f0xx_it.o
 .debug_loc     0x000005f2       0x20 build/stm32f0xx_hal_msp.o
 .debug_loc     0x00000612      0x7e6 build/stm32f0xx_hal_rcc.o
 .debug_loc     0x00000df8      0x1e1 build/stm32f0xx_hal.o
 .debug_loc     0x00000fd9      0x44a build/stm32f0xx_hal_gpio.o
 .debug_loc     0x00001423      0x37a build/stm32f0xx_hal_cortex.o
 .debug_loc     0x0000179d      0x1b9 build/system_stm32f0xx.o

.debug_aranges  0x00000000      0x400
 .debug_aranges
                0x00000000       0x28 build/my_gpio.o
 .debug_aranges
                0x00000028       0x50 build/flash.o
 .debug_aranges
                0x00000078       0x20 build/led.o
 .debug_aranges
                0x00000098       0x48 build/main.o
 .debug_aranges
                0x000000e0       0x20 build/timers.o
 .debug_aranges
                0x00000100       0x50 build/stm32f0xx_it.o
 .debug_aranges
                0x00000150       0x20 build/stm32f0xx_hal_msp.o
 .debug_aranges
                0x00000170       0x80 build/stm32f0xx_hal_rcc.o
 .debug_aranges
                0x000001f0       0xd0 build/stm32f0xx_hal.o
 .debug_aranges
                0x000002c0       0x58 build/stm32f0xx_hal_gpio.o
 .debug_aranges
                0x00000318       0x98 build/stm32f0xx_hal_cortex.o
 .debug_aranges
                0x000003b0       0x28 build/system_stm32f0xx.o
 .debug_aranges
                0x000003d8       0x28 build/startup_stm32f072xb.o

.debug_ranges   0x00000000      0x380
 .debug_ranges  0x00000000       0x18 build/my_gpio.o
 .debug_ranges  0x00000018       0x58 build/flash.o
 .debug_ranges  0x00000070       0x10 build/led.o
 .debug_ranges  0x00000080       0x38 build/main.o
 .debug_ranges  0x000000b8       0x10 build/timers.o
 .debug_ranges  0x000000c8       0x40 build/stm32f0xx_it.o
 .debug_ranges  0x00000108       0x10 build/stm32f0xx_hal_msp.o
 .debug_ranges  0x00000118       0x88 build/stm32f0xx_hal_rcc.o
 .debug_ranges  0x000001a0       0xc0 build/stm32f0xx_hal.o
 .debug_ranges  0x00000260       0x48 build/stm32f0xx_hal_gpio.o
 .debug_ranges  0x000002a8       0xa0 build/stm32f0xx_hal_cortex.o
 .debug_ranges  0x00000348       0x18 build/system_stm32f0xx.o
 .debug_ranges  0x00000360       0x20 build/startup_stm32f072xb.o

.debug_line     0x00000000     0x33be
 .debug_line    0x00000000      0x1c7 build/my_gpio.o
 .debug_line    0x000001c7      0x42d build/flash.o
 .debug_line    0x000005f4      0x286 build/led.o
 .debug_line    0x0000087a      0x45a build/main.o
 .debug_line    0x00000cd4      0x1b3 build/timers.o
 .debug_line    0x00000e87      0x2aa build/stm32f0xx_it.o
 .debug_line    0x00001131      0x168 build/stm32f0xx_hal_msp.o
 .debug_line    0x00001299      0xc8a build/stm32f0xx_hal_rcc.o
 .debug_line    0x00001f23      0x506 build/stm32f0xx_hal.o
 .debug_line    0x00002429      0x6a9 build/stm32f0xx_hal_gpio.o
 .debug_line    0x00002ad2      0x537 build/stm32f0xx_hal_cortex.o
 .debug_line    0x00003009      0x33e build/system_stm32f0xx.o
 .debug_line    0x00003347       0x77 build/startup_stm32f072xb.o

.debug_str      0x00000000     0x1258
 .debug_str     0x00000000      0x1ca build/my_gpio.o
                                0x219 (size before relaxing)
 .debug_str     0x000001ca      0x1df build/flash.o
                                0x3f2 (size before relaxing)
 .debug_str     0x000003a9       0xc6 build/led.o
                                0x2f8 (size before relaxing)
 .debug_str     0x0000046f      0x523 build/main.o
                                0x898 (size before relaxing)
 .debug_str     0x00000992       0x8d build/timers.o
                                0x227 (size before relaxing)
 .debug_str     0x00000a1f       0x89 build/stm32f0xx_it.o
                                0x382 (size before relaxing)
 .debug_str     0x00000aa8       0x24 build/stm32f0xx_hal_msp.o
                                0x1de (size before relaxing)
 .debug_str     0x00000acc      0x20b build/stm32f0xx_hal_rcc.o
                                0x64a (size before relaxing)
 .debug_str     0x00000cd7      0x1d3 build/stm32f0xx_hal.o
                                0x6f3 (size before relaxing)
 .debug_str     0x00000eaa      0x106 build/stm32f0xx_hal_gpio.o
                                0x3de (size before relaxing)
 .debug_str     0x00000fb0      0x1d8 build/stm32f0xx_hal_cortex.o
                                0x634 (size before relaxing)
 .debug_str     0x00001188       0x9e build/system_stm32f0xx.o
                                0x2ce (size before relaxing)
 .debug_str     0x00001226       0x32 build/startup_stm32f072xb.o
                                 0x68 (size before relaxing)

.comment        0x00000000       0x45
 .comment       0x00000000       0x45 build/my_gpio.o
                                 0x46 (size before relaxing)
 .comment       0x00000045       0x46 build/flash.o
 .comment       0x00000045       0x46 build/led.o
 .comment       0x00000045       0x46 build/main.o
 .comment       0x00000045       0x46 build/timers.o
 .comment       0x00000045       0x46 build/stm32f0xx_it.o
 .comment       0x00000045       0x46 build/stm32f0xx_hal_msp.o
 .comment       0x00000045       0x46 build/stm32f0xx_hal_rcc.o
 .comment       0x00000045       0x46 build/stm32f0xx_hal.o
 .comment       0x00000045       0x46 build/stm32f0xx_hal_gpio.o
 .comment       0x00000045       0x46 build/stm32f0xx_hal_cortex.o
 .comment       0x00000045       0x46 build/system_stm32f0xx.o

.debug_frame    0x00000000      0x84c
 .debug_frame   0x00000000       0x30 build/my_gpio.o
 .debug_frame   0x00000030       0xbc build/flash.o
 .debug_frame   0x000000ec       0x30 build/led.o
 .debug_frame   0x0000011c       0xa0 build/main.o
 .debug_frame   0x000001bc       0x20 build/timers.o
 .debug_frame   0x000001dc       0x90 build/stm32f0xx_it.o
 .debug_frame   0x0000026c       0x24 build/stm32f0xx_hal_msp.o
 .debug_frame   0x00000290      0x138 build/stm32f0xx_hal_rcc.o
 .debug_frame   0x000003c8      0x1ac build/stm32f0xx_hal.o
 .debug_frame   0x00000574       0xc0 build/stm32f0xx_hal_gpio.o
 .debug_frame   0x00000634      0x144 build/stm32f0xx_hal_cortex.o
 .debug_frame   0x00000778       0x40 build/system_stm32f0xx.o
 .debug_frame   0x000007b8       0x20 c:/arm-gnu-toolchain-12.3.rel1-mingw-w64-i686-arm-none-eabi/bin/../lib/gcc/arm-none-eabi/12.3.1/thumb/v6-m/nofp\libc_nano.a(libc_a-memset.o)
 .debug_frame   0x000007d8       0x2c c:/arm-gnu-toolchain-12.3.rel1-mingw-w64-i686-arm-none-eabi/bin/../lib/gcc/arm-none-eabi/12.3.1/thumb/v6-m/nofp\libc_nano.a(libc_a-init.o)
 .debug_frame   0x00000804       0x28 c:/arm-gnu-toolchain-12.3.rel1-mingw-w64-i686-arm-none-eabi/bin/../lib/gcc/arm-none-eabi/12.3.1/thumb/v6-m/nofp\libc_nano.a(libc_a-memcpy-stub.o)
 .debug_frame   0x0000082c       0x20 c:/arm-gnu-toolchain-12.3.rel1-mingw-w64-i686-arm-none-eabi/bin/../lib/gcc/arm-none-eabi/12.3.1/thumb/v6-m/nofp\libgcc.a(_udivsi3.o)

.debug_line_str
                0x00000000       0xc9
 .debug_line_str
                0x00000000       0xc9 c:/arm-gnu-toolchain-12.3.rel1-mingw-w64-i686-arm-none-eabi/bin/../lib/gcc/arm-none-eabi/12.3.1/thumb/v6-m/nofp\libgcc.a(_udivsi3.o)
 .debug_line_str
                0x000000c9       0xc9 c:/arm-gnu-toolchain-12.3.rel1-mingw-w64-i686-arm-none-eabi/bin/../lib/gcc/arm-none-eabi/12.3.1/thumb/v6-m/nofp\libgcc.a(_dvmd_tls.o)

Cross Reference Table

Symbol                                            File
ADC1_COMP_IRQHandler                              build/startup_stm32f072xb.o
AHBPrescTable                                     build/system_stm32f0xx.o
                                                  build/stm32f0xx_hal_rcc.o
APBPrescTable                                     build/system_stm32f0xx.o
                                                  build/stm32f0xx_hal_rcc.o
CEC_CAN_IRQHandler                                build/startup_stm32f072xb.o
DMA1_Channel1_IRQHandler                          build/startup_stm32f072xb.o
DMA1_Channel2_3_IRQHandler                        build/startup_stm32f072xb.o
DMA1_Channel4_5_6_7_IRQHandler                    build/startup_stm32f072xb.o
DefaultHandler                                    build/stm32f0xx_it.o
Default_Handler                                   build/startup_stm32f072xb.o
Delay                                             build/timers.o
                                                  build/main.o
                                                  build/flash.o
DoErase                                           build/flash.o
                                                  build/main.o
EXTI0_1_IRQHandler                                build/startup_stm32f072xb.o
EXTI2_3_IRQHandler                                build/startup_stm32f072xb.o
EXTI4_15_IRQHandler                               build/startup_stm32f072xb.o
Error_Handler                                     build/main.o
FLASH_IRQHandler                                  build/startup_stm32f072xb.o
FLASH_PageErase                                   build/stm32f0xx_hal_flash_ex.o
                                                  build/stm32f0xx_hal_flash.o
FLASH_WaitForLastOperation                        build/stm32f0xx_hal_flash.o
                                                  build/stm32f0xx_hal_flash_ex.o
HAL_DBGMCU_DisableDBGStandbyMode                  build/stm32f0xx_hal.o
HAL_DBGMCU_DisableDBGStopMode                     build/stm32f0xx_hal.o
HAL_DBGMCU_EnableDBGStandbyMode                   build/stm32f0xx_hal.o
HAL_DBGMCU_EnableDBGStopMode                      build/stm32f0xx_hal.o
HAL_DMA_Abort                                     build/stm32f0xx_hal_dma.o
HAL_DMA_Abort_IT                                  build/stm32f0xx_hal_dma.o
                                                  build/stm32f0xx_hal_i2c.o
HAL_DMA_DeInit                                    build/stm32f0xx_hal_dma.o
HAL_DMA_GetError                                  build/stm32f0xx_hal_dma.o
HAL_DMA_GetState                                  build/stm32f0xx_hal_dma.o
                                                  build/stm32f0xx_hal_i2c.o
HAL_DMA_IRQHandler                                build/stm32f0xx_hal_dma.o
HAL_DMA_Init                                      build/stm32f0xx_hal_dma.o
HAL_DMA_PollForTransfer                           build/stm32f0xx_hal_dma.o
HAL_DMA_RegisterCallback                          build/stm32f0xx_hal_dma.o
HAL_DMA_Start                                     build/stm32f0xx_hal_dma.o
HAL_DMA_Start_IT                                  build/stm32f0xx_hal_dma.o
                                                  build/stm32f0xx_hal_i2c.o
HAL_DMA_UnRegisterCallback                        build/stm32f0xx_hal_dma.o
HAL_DeInit                                        build/stm32f0xx_hal.o
HAL_Delay                                         build/stm32f0xx_hal.o
                                                  build/main.o
HAL_EXTI_ClearConfigLine                          build/stm32f0xx_hal_exti.o
HAL_EXTI_ClearPending                             build/stm32f0xx_hal_exti.o
HAL_EXTI_GenerateSWI                              build/stm32f0xx_hal_exti.o
HAL_EXTI_GetConfigLine                            build/stm32f0xx_hal_exti.o
HAL_EXTI_GetHandle                                build/stm32f0xx_hal_exti.o
HAL_EXTI_GetPending                               build/stm32f0xx_hal_exti.o
HAL_EXTI_IRQHandler                               build/stm32f0xx_hal_exti.o
HAL_EXTI_RegisterCallback                         build/stm32f0xx_hal_exti.o
HAL_EXTI_SetConfigLine                            build/stm32f0xx_hal_exti.o
HAL_FLASHEx_Erase                                 build/stm32f0xx_hal_flash_ex.o
HAL_FLASHEx_Erase_IT                              build/stm32f0xx_hal_flash_ex.o
HAL_FLASHEx_OBErase                               build/stm32f0xx_hal_flash_ex.o
HAL_FLASHEx_OBGetConfig                           build/stm32f0xx_hal_flash_ex.o
HAL_FLASHEx_OBGetUserData                         build/stm32f0xx_hal_flash_ex.o
HAL_FLASHEx_OBProgram                             build/stm32f0xx_hal_flash_ex.o
HAL_FLASH_EndOfOperationCallback                  build/stm32f0xx_hal_flash.o
HAL_FLASH_GetError                                build/stm32f0xx_hal_flash.o
HAL_FLASH_IRQHandler                              build/stm32f0xx_hal_flash.o
HAL_FLASH_Lock                                    build/stm32f0xx_hal_flash.o
HAL_FLASH_OB_Launch                               build/stm32f0xx_hal_flash.o
HAL_FLASH_OB_Lock                                 build/stm32f0xx_hal_flash.o
HAL_FLASH_OB_Unlock                               build/stm32f0xx_hal_flash.o
HAL_FLASH_OperationErrorCallback                  build/stm32f0xx_hal_flash.o
HAL_FLASH_Program                                 build/stm32f0xx_hal_flash.o
HAL_FLASH_Program_IT                              build/stm32f0xx_hal_flash.o
HAL_FLASH_Unlock                                  build/stm32f0xx_hal_flash.o
HAL_GPIO_DeInit                                   build/stm32f0xx_hal_gpio.o
HAL_GPIO_EXTI_Callback                            build/stm32f0xx_hal_gpio.o
HAL_GPIO_EXTI_IRQHandler                          build/stm32f0xx_hal_gpio.o
HAL_GPIO_Init                                     build/stm32f0xx_hal_gpio.o
                                                  build/stm32f0xx_hal_rcc.o
                                                  build/main.o
                                                  build/led.o
HAL_GPIO_LockPin                                  build/stm32f0xx_hal_gpio.o
HAL_GPIO_ReadPin                                  build/stm32f0xx_hal_gpio.o
HAL_GPIO_TogglePin                                build/stm32f0xx_hal_gpio.o
HAL_GPIO_WritePin                                 build/stm32f0xx_hal_gpio.o
                                                  build/led.o
HAL_GetDEVID                                      build/stm32f0xx_hal.o
HAL_GetHalVersion                                 build/stm32f0xx_hal.o
HAL_GetREVID                                      build/stm32f0xx_hal.o
HAL_GetTick                                       build/stm32f0xx_hal.o
                                                  build/stm32f0xx_hal_flash.o
                                                  build/stm32f0xx_hal_dma.o
                                                  build/stm32f0xx_hal_i2c.o
                                                  build/stm32f0xx_hal_rcc_ex.o
                                                  build/stm32f0xx_hal_rcc.o
HAL_GetTickFreq                                   build/stm32f0xx_hal.o
HAL_GetTickPrio                                   build/stm32f0xx_hal.o
HAL_GetUIDw0                                      build/stm32f0xx_hal.o
HAL_GetUIDw1                                      build/stm32f0xx_hal.o
HAL_GetUIDw2                                      build/stm32f0xx_hal.o
HAL_I2CEx_ConfigAnalogFilter                      build/stm32f0xx_hal_i2c_ex.o
HAL_I2CEx_ConfigDigitalFilter                     build/stm32f0xx_hal_i2c_ex.o
HAL_I2CEx_DisableFastModePlus                     build/stm32f0xx_hal_i2c_ex.o
HAL_I2CEx_DisableWakeUp                           build/stm32f0xx_hal_i2c_ex.o
HAL_I2CEx_EnableFastModePlus                      build/stm32f0xx_hal_i2c_ex.o
HAL_I2CEx_EnableWakeUp                            build/stm32f0xx_hal_i2c_ex.o
HAL_I2C_AbortCpltCallback                         build/stm32f0xx_hal_i2c.o
HAL_I2C_AddrCallback                              build/stm32f0xx_hal_i2c.o
HAL_I2C_DeInit                                    build/stm32f0xx_hal_i2c.o
HAL_I2C_DisableListen_IT                          build/stm32f0xx_hal_i2c.o
HAL_I2C_ER_IRQHandler                             build/stm32f0xx_hal_i2c.o
HAL_I2C_EV_IRQHandler                             build/stm32f0xx_hal_i2c.o
HAL_I2C_EnableListen_IT                           build/stm32f0xx_hal_i2c.o
HAL_I2C_ErrorCallback                             build/stm32f0xx_hal_i2c.o
HAL_I2C_GetError                                  build/stm32f0xx_hal_i2c.o
HAL_I2C_GetMode                                   build/stm32f0xx_hal_i2c.o
HAL_I2C_GetState                                  build/stm32f0xx_hal_i2c.o
HAL_I2C_Init                                      build/stm32f0xx_hal_i2c.o
HAL_I2C_IsDeviceReady                             build/stm32f0xx_hal_i2c.o
HAL_I2C_ListenCpltCallback                        build/stm32f0xx_hal_i2c.o
HAL_I2C_MasterRxCpltCallback                      build/stm32f0xx_hal_i2c.o
HAL_I2C_MasterTxCpltCallback                      build/stm32f0xx_hal_i2c.o
HAL_I2C_Master_Abort_IT                           build/stm32f0xx_hal_i2c.o
HAL_I2C_Master_Receive                            build/stm32f0xx_hal_i2c.o
HAL_I2C_Master_Receive_DMA                        build/stm32f0xx_hal_i2c.o
HAL_I2C_Master_Receive_IT                         build/stm32f0xx_hal_i2c.o
HAL_I2C_Master_Seq_Receive_DMA                    build/stm32f0xx_hal_i2c.o
HAL_I2C_Master_Seq_Receive_IT                     build/stm32f0xx_hal_i2c.o
HAL_I2C_Master_Seq_Transmit_DMA                   build/stm32f0xx_hal_i2c.o
HAL_I2C_Master_Seq_Transmit_IT                    build/stm32f0xx_hal_i2c.o
HAL_I2C_Master_Transmit                           build/stm32f0xx_hal_i2c.o
HAL_I2C_Master_Transmit_DMA                       build/stm32f0xx_hal_i2c.o
HAL_I2C_Master_Transmit_IT                        build/stm32f0xx_hal_i2c.o
HAL_I2C_MemRxCpltCallback                         build/stm32f0xx_hal_i2c.o
HAL_I2C_MemTxCpltCallback                         build/stm32f0xx_hal_i2c.o
HAL_I2C_Mem_Read                                  build/stm32f0xx_hal_i2c.o
HAL_I2C_Mem_Read_DMA                              build/stm32f0xx_hal_i2c.o
HAL_I2C_Mem_Read_IT                               build/stm32f0xx_hal_i2c.o
HAL_I2C_Mem_Write                                 build/stm32f0xx_hal_i2c.o
HAL_I2C_Mem_Write_DMA                             build/stm32f0xx_hal_i2c.o
HAL_I2C_Mem_Write_IT                              build/stm32f0xx_hal_i2c.o
HAL_I2C_MspDeInit                                 build/stm32f0xx_hal_i2c.o
HAL_I2C_MspInit                                   build/stm32f0xx_hal_i2c.o
HAL_I2C_SlaveRxCpltCallback                       build/stm32f0xx_hal_i2c.o
HAL_I2C_SlaveTxCpltCallback                       build/stm32f0xx_hal_i2c.o
HAL_I2C_Slave_Receive                             build/stm32f0xx_hal_i2c.o
HAL_I2C_Slave_Receive_DMA                         build/stm32f0xx_hal_i2c.o
HAL_I2C_Slave_Receive_IT                          build/stm32f0xx_hal_i2c.o
HAL_I2C_Slave_Seq_Receive_DMA                     build/stm32f0xx_hal_i2c.o
HAL_I2C_Slave_Seq_Receive_IT                      build/stm32f0xx_hal_i2c.o
HAL_I2C_Slave_Seq_Transmit_DMA                    build/stm32f0xx_hal_i2c.o
HAL_I2C_Slave_Seq_Transmit_IT                     build/stm32f0xx_hal_i2c.o
HAL_I2C_Slave_Transmit                            build/stm32f0xx_hal_i2c.o
HAL_I2C_Slave_Transmit_DMA                        build/stm32f0xx_hal_i2c.o
HAL_I2C_Slave_Transmit_IT                         build/stm32f0xx_hal_i2c.o
HAL_IncTick                                       build/stm32f0xx_hal.o
HAL_Init                                          build/stm32f0xx_hal.o
                                                  build/main.o
HAL_InitTick                                      build/stm32f0xx_hal.o
                                                  build/stm32f0xx_hal_rcc.o
HAL_MspDeInit                                     build/stm32f0xx_hal.o
HAL_MspInit                                       build/stm32f0xx_hal_msp.o
HAL_NVIC_ClearPendingIRQ                          build/stm32f0xx_hal_cortex.o
HAL_NVIC_DisableIRQ                               build/stm32f0xx_hal_cortex.o
HAL_NVIC_EnableIRQ                                build/stm32f0xx_hal_cortex.o
HAL_NVIC_GetPendingIRQ                            build/stm32f0xx_hal_cortex.o
HAL_NVIC_GetPriority                              build/stm32f0xx_hal_cortex.o
HAL_NVIC_SetPendingIRQ                            build/stm32f0xx_hal_cortex.o
HAL_NVIC_SetPriority                              build/stm32f0xx_hal_cortex.o
                                                  build/stm32f0xx_hal.o
HAL_NVIC_SystemReset                              build/stm32f0xx_hal_cortex.o
HAL_PWREx_DisableVddio2Monitor                    build/stm32f0xx_hal_pwr_ex.o
HAL_PWREx_EnableVddio2Monitor                     build/stm32f0xx_hal_pwr_ex.o
HAL_PWREx_Vddio2MonitorCallback                   build/stm32f0xx_hal_pwr_ex.o
HAL_PWREx_Vddio2Monitor_IRQHandler                build/stm32f0xx_hal_pwr_ex.o
HAL_PWR_ConfigPVD                                 build/stm32f0xx_hal_pwr_ex.o
HAL_PWR_DeInit                                    build/stm32f0xx_hal_pwr.o
HAL_PWR_DisableBkUpAccess                         build/stm32f0xx_hal_pwr.o
HAL_PWR_DisablePVD                                build/stm32f0xx_hal_pwr_ex.o
HAL_PWR_DisableSEVOnPend                          build/stm32f0xx_hal_pwr.o
HAL_PWR_DisableSleepOnExit                        build/stm32f0xx_hal_pwr.o
HAL_PWR_DisableWakeUpPin                          build/stm32f0xx_hal_pwr.o
HAL_PWR_EnableBkUpAccess                          build/stm32f0xx_hal_pwr.o
HAL_PWR_EnablePVD                                 build/stm32f0xx_hal_pwr_ex.o
HAL_PWR_EnableSEVOnPend                           build/stm32f0xx_hal_pwr.o
HAL_PWR_EnableSleepOnExit                         build/stm32f0xx_hal_pwr.o
HAL_PWR_EnableWakeUpPin                           build/stm32f0xx_hal_pwr.o
HAL_PWR_EnterSLEEPMode                            build/stm32f0xx_hal_pwr.o
HAL_PWR_EnterSTANDBYMode                          build/stm32f0xx_hal_pwr.o
HAL_PWR_EnterSTOPMode                             build/stm32f0xx_hal_pwr.o
HAL_PWR_PVDCallback                               build/stm32f0xx_hal_pwr_ex.o
HAL_PWR_PVD_IRQHandler                            build/stm32f0xx_hal_pwr_ex.o
HAL_RCCEx_CRSConfig                               build/stm32f0xx_hal_rcc_ex.o
HAL_RCCEx_CRSGetSynchronizationInfo               build/stm32f0xx_hal_rcc_ex.o
HAL_RCCEx_CRSSoftwareSynchronizationGenerate      build/stm32f0xx_hal_rcc_ex.o
HAL_RCCEx_CRSWaitSynchronization                  build/stm32f0xx_hal_rcc_ex.o
HAL_RCCEx_CRS_ErrorCallback                       build/stm32f0xx_hal_rcc_ex.o
HAL_RCCEx_CRS_ExpectedSyncCallback                build/stm32f0xx_hal_rcc_ex.o
HAL_RCCEx_CRS_IRQHandler                          build/stm32f0xx_hal_rcc_ex.o
HAL_RCCEx_CRS_SyncOkCallback                      build/stm32f0xx_hal_rcc_ex.o
HAL_RCCEx_CRS_SyncWarnCallback                    build/stm32f0xx_hal_rcc_ex.o
HAL_RCCEx_GetPeriphCLKConfig                      build/stm32f0xx_hal_rcc_ex.o
HAL_RCCEx_GetPeriphCLKFreq                        build/stm32f0xx_hal_rcc_ex.o
HAL_RCCEx_PeriphCLKConfig                         build/stm32f0xx_hal_rcc_ex.o
HAL_RCC_CSSCallback                               build/stm32f0xx_hal_rcc.o
HAL_RCC_ClockConfig                               build/stm32f0xx_hal_rcc.o
                                                  build/main.o
HAL_RCC_DeInit                                    build/stm32f0xx_hal_rcc.o
HAL_RCC_DisableCSS                                build/stm32f0xx_hal_rcc.o
HAL_RCC_EnableCSS                                 build/stm32f0xx_hal_rcc.o
HAL_RCC_GetClockConfig                            build/stm32f0xx_hal_rcc.o
HAL_RCC_GetHCLKFreq                               build/stm32f0xx_hal_rcc.o
HAL_RCC_GetOscConfig                              build/stm32f0xx_hal_rcc.o
HAL_RCC_GetPCLK1Freq                              build/stm32f0xx_hal_rcc.o
                                                  build/stm32f0xx_hal_rcc_ex.o
HAL_RCC_GetSysClockFreq                           build/stm32f0xx_hal_rcc.o
                                                  build/stm32f0xx_hal_rcc_ex.o
                                                  build/main.o
HAL_RCC_MCOConfig                                 build/stm32f0xx_hal_rcc.o
HAL_RCC_NMI_IRQHandler                            build/stm32f0xx_hal_rcc.o
HAL_RCC_OscConfig                                 build/stm32f0xx_hal_rcc.o
                                                  build/main.o
HAL_ResumeTick                                    build/stm32f0xx_hal.o
HAL_SYSTICK_CLKSourceConfig                       build/stm32f0xx_hal_cortex.o
HAL_SYSTICK_Callback                              build/stm32f0xx_hal_cortex.o
HAL_SYSTICK_Config                                build/stm32f0xx_hal_cortex.o
                                                  build/stm32f0xx_hal.o
HAL_SYSTICK_IRQHandler                            build/stm32f0xx_hal_cortex.o
HAL_SetTickFreq                                   build/stm32f0xx_hal.o
HAL_SuspendTick                                   build/stm32f0xx_hal.o
HardFault_Handler                                 build/stm32f0xx_it.o
I2C1_IRQHandler                                   build/startup_stm32f072xb.o
I2C2_IRQHandler                                   build/startup_stm32f072xb.o
My_FLASH_Unlock                                   build/flash.o
My_GPIO_TogglePin                                 build/my_gpio.o
                                                  build/stm32f0xx_it.o
                                                  build/flash.o
My_GPIO_WritePin                                  build/my_gpio.o
                                                  build/main.o
                                                  build/flash.o
My_LED_Init                                       build/led.o
                                                  build/main.o
My_LED_PIN                                        build/led.o
                                                  build/stm32f0xx_it.o
                                                  build/main.o
                                                  build/flash.o
My_LED_PORT                                       build/led.o
                                                  build/stm32f0xx_it.o
                                                  build/main.o
                                                  build/flash.o
NMI_Handler                                       build/stm32f0xx_it.o
PVD_VDDIO2_IRQHandler                             build/startup_stm32f072xb.o
PendSV_Handler                                    build/stm32f0xx_it.o
RCC_CRS_IRQHandler                                build/startup_stm32f072xb.o
RTC_IRQHandler                                    build/startup_stm32f072xb.o
Reset_Handler                                     build/startup_stm32f072xb.o
SPI1_IRQHandler                                   build/startup_stm32f072xb.o
SPI2_IRQHandler                                   build/startup_stm32f072xb.o
SVC_Handler                                       build/stm32f0xx_it.o
SysTick_Handler                                   build/stm32f0xx_it.o
SystemClock_Config                                build/main.o
SystemCoreClock                                   build/system_stm32f0xx.o
                                                  build/stm32f0xx_hal.o
                                                  build/stm32f0xx_hal_rcc.o
SystemCoreClockUpdate                             build/system_stm32f0xx.o
SystemInit                                        build/system_stm32f0xx.o
                                                  build/startup_stm32f072xb.o
TIM14_IRQHandler                                  build/startup_stm32f072xb.o
TIM15_IRQHandler                                  build/startup_stm32f072xb.o
TIM16_IRQHandler                                  build/startup_stm32f072xb.o
TIM17_IRQHandler                                  build/startup_stm32f072xb.o
TIM1_BRK_UP_TRG_COM_IRQHandler                    build/startup_stm32f072xb.o
TIM1_CC_IRQHandler                                build/startup_stm32f072xb.o
TIM2_IRQHandler                                   build/stm32f0xx_it.o
TIM3_IRQHandler                                   build/startup_stm32f072xb.o
TIM6_DAC_IRQHandler                               build/startup_stm32f072xb.o
TIM7_IRQHandler                                   build/startup_stm32f072xb.o
TSC_IRQHandler                                    build/startup_stm32f072xb.o
USART1_IRQHandler                                 build/startup_stm32f072xb.o
USART2_IRQHandler                                 build/startup_stm32f072xb.o
USART3_4_IRQHandler                               build/startup_stm32f072xb.o
USB_IRQHandler                                    build/startup_stm32f072xb.o
WWDG_IRQHandler                                   build/startup_stm32f072xb.o
_ITM_deregisterTMCloneTable                       c:/arm-gnu-toolchain-12.3.rel1-mingw-w64-i686-arm-none-eabi/bin/../lib/gcc/arm-none-eabi/12.3.1/thumb/v6-m/nofp/crtbegin.o
_ITM_registerTMCloneTable                         c:/arm-gnu-toolchain-12.3.rel1-mingw-w64-i686-arm-none-eabi/bin/../lib/gcc/arm-none-eabi/12.3.1/thumb/v6-m/nofp/crtbegin.o
__TMC_END__                                       c:/arm-gnu-toolchain-12.3.rel1-mingw-w64-i686-arm-none-eabi/bin/../lib/gcc/arm-none-eabi/12.3.1/thumb/v6-m/nofp/crtend.o
                                                  c:/arm-gnu-toolchain-12.3.rel1-mingw-w64-i686-arm-none-eabi/bin/../lib/gcc/arm-none-eabi/12.3.1/thumb/v6-m/nofp/crtbegin.o
__aeabi_idiv0                                     c:/arm-gnu-toolchain-12.3.rel1-mingw-w64-i686-arm-none-eabi/bin/../lib/gcc/arm-none-eabi/12.3.1/thumb/v6-m/nofp\libgcc.a(_dvmd_tls.o)
                                                  c:/arm-gnu-toolchain-12.3.rel1-mingw-w64-i686-arm-none-eabi/bin/../lib/gcc/arm-none-eabi/12.3.1/thumb/v6-m/nofp\libgcc.a(_udivsi3.o)
__aeabi_ldiv0                                     c:/arm-gnu-toolchain-12.3.rel1-mingw-w64-i686-arm-none-eabi/bin/../lib/gcc/arm-none-eabi/12.3.1/thumb/v6-m/nofp\libgcc.a(_dvmd_tls.o)
__aeabi_uidiv                                     c:/arm-gnu-toolchain-12.3.rel1-mingw-w64-i686-arm-none-eabi/bin/../lib/gcc/arm-none-eabi/12.3.1/thumb/v6-m/nofp\libgcc.a(_udivsi3.o)
                                                  build/system_stm32f0xx.o
                                                  build/stm32f0xx_hal_dma.o
                                                  build/stm32f0xx_hal.o
                                                  build/stm32f0xx_hal_rcc_ex.o
                                                  build/stm32f0xx_hal_rcc.o
                                                  build/main.o
__aeabi_uidivmod                                  c:/arm-gnu-toolchain-12.3.rel1-mingw-w64-i686-arm-none-eabi/bin/../lib/gcc/arm-none-eabi/12.3.1/thumb/v6-m/nofp\libgcc.a(_udivsi3.o)
__bss_end__                                       c:/arm-gnu-toolchain-12.3.rel1-mingw-w64-i686-arm-none-eabi/bin/../lib/gcc/arm-none-eabi/12.3.1/thumb/v6-m/nofp/crt0.o
__bss_start__                                     c:/arm-gnu-toolchain-12.3.rel1-mingw-w64-i686-arm-none-eabi/bin/../lib/gcc/arm-none-eabi/12.3.1/thumb/v6-m/nofp/crt0.o
__call_exitprocs                                  c:/arm-gnu-toolchain-12.3.rel1-mingw-w64-i686-arm-none-eabi/bin/../lib/gcc/arm-none-eabi/12.3.1/thumb/v6-m/nofp\libc_nano.a(libc_a-exit.o)
__deregister_frame_info                           c:/arm-gnu-toolchain-12.3.rel1-mingw-w64-i686-arm-none-eabi/bin/../lib/gcc/arm-none-eabi/12.3.1/thumb/v6-m/nofp/crtbegin.o
__dso_handle                                      c:/arm-gnu-toolchain-12.3.rel1-mingw-w64-i686-arm-none-eabi/bin/../lib/gcc/arm-none-eabi/12.3.1/thumb/v6-m/nofp/crtbegin.o
__fp_lock_all                                     c:/arm-gnu-toolchain-12.3.rel1-mingw-w64-i686-arm-none-eabi/bin/../lib/gcc/arm-none-eabi/12.3.1/thumb/v6-m/nofp\libc_nano.a(libc_a-findfp.o)
__fp_unlock_all                                   c:/arm-gnu-toolchain-12.3.rel1-mingw-w64-i686-arm-none-eabi/bin/../lib/gcc/arm-none-eabi/12.3.1/thumb/v6-m/nofp\libc_nano.a(libc_a-findfp.o)
__init_array_end                                  c:/arm-gnu-toolchain-12.3.rel1-mingw-w64-i686-arm-none-eabi/bin/../lib/gcc/arm-none-eabi/12.3.1/thumb/v6-m/nofp\libc_nano.a(libc_a-init.o)
__init_array_start                                c:/arm-gnu-toolchain-12.3.rel1-mingw-w64-i686-arm-none-eabi/bin/../lib/gcc/arm-none-eabi/12.3.1/thumb/v6-m/nofp\libc_nano.a(libc_a-init.o)
__libc_fini_array                                 c:/arm-gnu-toolchain-12.3.rel1-mingw-w64-i686-arm-none-eabi/bin/../lib/gcc/arm-none-eabi/12.3.1/thumb/v6-m/nofp/crt0.o
__libc_init_array                                 c:/arm-gnu-toolchain-12.3.rel1-mingw-w64-i686-arm-none-eabi/bin/../lib/gcc/arm-none-eabi/12.3.1/thumb/v6-m/nofp\libc_nano.a(libc_a-init.o)
                                                  build/startup_stm32f072xb.o
                                                  c:/arm-gnu-toolchain-12.3.rel1-mingw-w64-i686-arm-none-eabi/bin/../lib/gcc/arm-none-eabi/12.3.1/thumb/v6-m/nofp/crt0.o
__lock___arc4random_mutex                         c:/arm-gnu-toolchain-12.3.rel1-mingw-w64-i686-arm-none-eabi/bin/../lib/gcc/arm-none-eabi/12.3.1/thumb/v6-m/nofp\libc_nano.a(libc_a-lock.o)
__lock___at_quick_exit_mutex                      c:/arm-gnu-toolchain-12.3.rel1-mingw-w64-i686-arm-none-eabi/bin/../lib/gcc/arm-none-eabi/12.3.1/thumb/v6-m/nofp\libc_nano.a(libc_a-lock.o)
__lock___atexit_recursive_mutex                   c:/arm-gnu-toolchain-12.3.rel1-mingw-w64-i686-arm-none-eabi/bin/../lib/gcc/arm-none-eabi/12.3.1/thumb/v6-m/nofp\libc_nano.a(libc_a-lock.o)
__lock___dd_hash_mutex                            c:/arm-gnu-toolchain-12.3.rel1-mingw-w64-i686-arm-none-eabi/bin/../lib/gcc/arm-none-eabi/12.3.1/thumb/v6-m/nofp\libc_nano.a(libc_a-lock.o)
__lock___env_recursive_mutex                      c:/arm-gnu-toolchain-12.3.rel1-mingw-w64-i686-arm-none-eabi/bin/../lib/gcc/arm-none-eabi/12.3.1/thumb/v6-m/nofp\libc_nano.a(libc_a-lock.o)
__lock___malloc_recursive_mutex                   c:/arm-gnu-toolchain-12.3.rel1-mingw-w64-i686-arm-none-eabi/bin/../lib/gcc/arm-none-eabi/12.3.1/thumb/v6-m/nofp\libc_nano.a(libc_a-lock.o)
                                                  c:/arm-gnu-toolchain-12.3.rel1-mingw-w64-i686-arm-none-eabi/bin/../lib/gcc/arm-none-eabi/12.3.1/thumb/v6-m/nofp\libc_nano.a(libc_a-mlock.o)
__lock___sfp_recursive_mutex                      c:/arm-gnu-toolchain-12.3.rel1-mingw-w64-i686-arm-none-eabi/bin/../lib/gcc/arm-none-eabi/12.3.1/thumb/v6-m/nofp\libc_nano.a(libc_a-lock.o)
                                                  c:/arm-gnu-toolchain-12.3.rel1-mingw-w64-i686-arm-none-eabi/bin/../lib/gcc/arm-none-eabi/12.3.1/thumb/v6-m/nofp\libc_nano.a(libc_a-findfp.o)
__lock___tz_mutex                                 c:/arm-gnu-toolchain-12.3.rel1-mingw-w64-i686-arm-none-eabi/bin/../lib/gcc/arm-none-eabi/12.3.1/thumb/v6-m/nofp\libc_nano.a(libc_a-lock.o)
__malloc_free_list                                c:/arm-gnu-toolchain-12.3.rel1-mingw-w64-i686-arm-none-eabi/bin/../lib/gcc/arm-none-eabi/12.3.1/thumb/v6-m/nofp\libc_nano.a(libc_a-mallocr.o)
                                                  c:/arm-gnu-toolchain-12.3.rel1-mingw-w64-i686-arm-none-eabi/bin/../lib/gcc/arm-none-eabi/12.3.1/thumb/v6-m/nofp\libc_nano.a(libc_a-freer.o)
__malloc_lock                                     c:/arm-gnu-toolchain-12.3.rel1-mingw-w64-i686-arm-none-eabi/bin/../lib/gcc/arm-none-eabi/12.3.1/thumb/v6-m/nofp\libc_nano.a(libc_a-mlock.o)
                                                  c:/arm-gnu-toolchain-12.3.rel1-mingw-w64-i686-arm-none-eabi/bin/../lib/gcc/arm-none-eabi/12.3.1/thumb/v6-m/nofp\libc_nano.a(libc_a-mallocr.o)
                                                  c:/arm-gnu-toolchain-12.3.rel1-mingw-w64-i686-arm-none-eabi/bin/../lib/gcc/arm-none-eabi/12.3.1/thumb/v6-m/nofp\libc_nano.a(libc_a-freer.o)
__malloc_sbrk_start                               c:/arm-gnu-toolchain-12.3.rel1-mingw-w64-i686-arm-none-eabi/bin/../lib/gcc/arm-none-eabi/12.3.1/thumb/v6-m/nofp\libc_nano.a(libc_a-mallocr.o)
__malloc_unlock                                   c:/arm-gnu-toolchain-12.3.rel1-mingw-w64-i686-arm-none-eabi/bin/../lib/gcc/arm-none-eabi/12.3.1/thumb/v6-m/nofp\libc_nano.a(libc_a-mlock.o)
                                                  c:/arm-gnu-toolchain-12.3.rel1-mingw-w64-i686-arm-none-eabi/bin/../lib/gcc/arm-none-eabi/12.3.1/thumb/v6-m/nofp\libc_nano.a(libc_a-mallocr.o)
                                                  c:/arm-gnu-toolchain-12.3.rel1-mingw-w64-i686-arm-none-eabi/bin/../lib/gcc/arm-none-eabi/12.3.1/thumb/v6-m/nofp\libc_nano.a(libc_a-freer.o)
__preinit_array_end                               c:/arm-gnu-toolchain-12.3.rel1-mingw-w64-i686-arm-none-eabi/bin/../lib/gcc/arm-none-eabi/12.3.1/thumb/v6-m/nofp\libc_nano.a(libc_a-init.o)
__preinit_array_start                             c:/arm-gnu-toolchain-12.3.rel1-mingw-w64-i686-arm-none-eabi/bin/../lib/gcc/arm-none-eabi/12.3.1/thumb/v6-m/nofp\libc_nano.a(libc_a-init.o)
__register_frame_info                             c:/arm-gnu-toolchain-12.3.rel1-mingw-w64-i686-arm-none-eabi/bin/../lib/gcc/arm-none-eabi/12.3.1/thumb/v6-m/nofp/crtbegin.o
__retarget_lock_acquire                           c:/arm-gnu-toolchain-12.3.rel1-mingw-w64-i686-arm-none-eabi/bin/../lib/gcc/arm-none-eabi/12.3.1/thumb/v6-m/nofp\libc_nano.a(libc_a-lock.o)
__retarget_lock_acquire_recursive                 c:/arm-gnu-toolchain-12.3.rel1-mingw-w64-i686-arm-none-eabi/bin/../lib/gcc/arm-none-eabi/12.3.1/thumb/v6-m/nofp\libc_nano.a(libc_a-lock.o)
                                                  c:/arm-gnu-toolchain-12.3.rel1-mingw-w64-i686-arm-none-eabi/bin/../lib/gcc/arm-none-eabi/12.3.1/thumb/v6-m/nofp\libc_nano.a(libc_a-fflush.o)
                                                  c:/arm-gnu-toolchain-12.3.rel1-mingw-w64-i686-arm-none-eabi/bin/../lib/gcc/arm-none-eabi/12.3.1/thumb/v6-m/nofp\libc_nano.a(libc_a-mlock.o)
                                                  c:/arm-gnu-toolchain-12.3.rel1-mingw-w64-i686-arm-none-eabi/bin/../lib/gcc/arm-none-eabi/12.3.1/thumb/v6-m/nofp\libc_nano.a(libc_a-findfp.o)
__retarget_lock_close                             c:/arm-gnu-toolchain-12.3.rel1-mingw-w64-i686-arm-none-eabi/bin/../lib/gcc/arm-none-eabi/12.3.1/thumb/v6-m/nofp\libc_nano.a(libc_a-lock.o)
__retarget_lock_close_recursive                   c:/arm-gnu-toolchain-12.3.rel1-mingw-w64-i686-arm-none-eabi/bin/../lib/gcc/arm-none-eabi/12.3.1/thumb/v6-m/nofp\libc_nano.a(libc_a-lock.o)
__retarget_lock_init                              c:/arm-gnu-toolchain-12.3.rel1-mingw-w64-i686-arm-none-eabi/bin/../lib/gcc/arm-none-eabi/12.3.1/thumb/v6-m/nofp\libc_nano.a(libc_a-lock.o)
__retarget_lock_init_recursive                    c:/arm-gnu-toolchain-12.3.rel1-mingw-w64-i686-arm-none-eabi/bin/../lib/gcc/arm-none-eabi/12.3.1/thumb/v6-m/nofp\libc_nano.a(libc_a-lock.o)
                                                  c:/arm-gnu-toolchain-12.3.rel1-mingw-w64-i686-arm-none-eabi/bin/../lib/gcc/arm-none-eabi/12.3.1/thumb/v6-m/nofp\libc_nano.a(libc_a-findfp.o)
__retarget_lock_release                           c:/arm-gnu-toolchain-12.3.rel1-mingw-w64-i686-arm-none-eabi/bin/../lib/gcc/arm-none-eabi/12.3.1/thumb/v6-m/nofp\libc_nano.a(libc_a-lock.o)
__retarget_lock_release_recursive                 c:/arm-gnu-toolchain-12.3.rel1-mingw-w64-i686-arm-none-eabi/bin/../lib/gcc/arm-none-eabi/12.3.1/thumb/v6-m/nofp\libc_nano.a(libc_a-lock.o)
                                                  c:/arm-gnu-toolchain-12.3.rel1-mingw-w64-i686-arm-none-eabi/bin/../lib/gcc/arm-none-eabi/12.3.1/thumb/v6-m/nofp\libc_nano.a(libc_a-fflush.o)
                                                  c:/arm-gnu-toolchain-12.3.rel1-mingw-w64-i686-arm-none-eabi/bin/../lib/gcc/arm-none-eabi/12.3.1/thumb/v6-m/nofp\libc_nano.a(libc_a-mlock.o)
                                                  c:/arm-gnu-toolchain-12.3.rel1-mingw-w64-i686-arm-none-eabi/bin/../lib/gcc/arm-none-eabi/12.3.1/thumb/v6-m/nofp\libc_nano.a(libc_a-findfp.o)
__retarget_lock_try_acquire                       c:/arm-gnu-toolchain-12.3.rel1-mingw-w64-i686-arm-none-eabi/bin/../lib/gcc/arm-none-eabi/12.3.1/thumb/v6-m/nofp\libc_nano.a(libc_a-lock.o)
__retarget_lock_try_acquire_recursive             c:/arm-gnu-toolchain-12.3.rel1-mingw-w64-i686-arm-none-eabi/bin/../lib/gcc/arm-none-eabi/12.3.1/thumb/v6-m/nofp\libc_nano.a(libc_a-lock.o)
__sclose                                          c:/arm-gnu-toolchain-12.3.rel1-mingw-w64-i686-arm-none-eabi/bin/../lib/gcc/arm-none-eabi/12.3.1/thumb/v6-m/nofp\libc_nano.a(libc_a-stdio.o)
                                                  c:/arm-gnu-toolchain-12.3.rel1-mingw-w64-i686-arm-none-eabi/bin/../lib/gcc/arm-none-eabi/12.3.1/thumb/v6-m/nofp\libc_nano.a(libc_a-findfp.o)
__seofread                                        c:/arm-gnu-toolchain-12.3.rel1-mingw-w64-i686-arm-none-eabi/bin/../lib/gcc/arm-none-eabi/12.3.1/thumb/v6-m/nofp\libc_nano.a(libc_a-stdio.o)
__sf                                              c:/arm-gnu-toolchain-12.3.rel1-mingw-w64-i686-arm-none-eabi/bin/../lib/gcc/arm-none-eabi/12.3.1/thumb/v6-m/nofp\libc_nano.a(libc_a-findfp.o)
                                                  c:/arm-gnu-toolchain-12.3.rel1-mingw-w64-i686-arm-none-eabi/bin/../lib/gcc/arm-none-eabi/12.3.1/thumb/v6-m/nofp\libc_nano.a(libc_a-impure.o)
__sflush_r                                        c:/arm-gnu-toolchain-12.3.rel1-mingw-w64-i686-arm-none-eabi/bin/../lib/gcc/arm-none-eabi/12.3.1/thumb/v6-m/nofp\libc_nano.a(libc_a-fflush.o)
__sfp                                             c:/arm-gnu-toolchain-12.3.rel1-mingw-w64-i686-arm-none-eabi/bin/../lib/gcc/arm-none-eabi/12.3.1/thumb/v6-m/nofp\libc_nano.a(libc_a-findfp.o)
__sfp_lock_acquire                                c:/arm-gnu-toolchain-12.3.rel1-mingw-w64-i686-arm-none-eabi/bin/../lib/gcc/arm-none-eabi/12.3.1/thumb/v6-m/nofp\libc_nano.a(libc_a-findfp.o)
__sfp_lock_release                                c:/arm-gnu-toolchain-12.3.rel1-mingw-w64-i686-arm-none-eabi/bin/../lib/gcc/arm-none-eabi/12.3.1/thumb/v6-m/nofp\libc_nano.a(libc_a-findfp.o)
__sglue                                           c:/arm-gnu-toolchain-12.3.rel1-mingw-w64-i686-arm-none-eabi/bin/../lib/gcc/arm-none-eabi/12.3.1/thumb/v6-m/nofp\libc_nano.a(libc_a-findfp.o)
                                                  c:/arm-gnu-toolchain-12.3.rel1-mingw-w64-i686-arm-none-eabi/bin/../lib/gcc/arm-none-eabi/12.3.1/thumb/v6-m/nofp\libc_nano.a(libc_a-fflush.o)
__sinit                                           c:/arm-gnu-toolchain-12.3.rel1-mingw-w64-i686-arm-none-eabi/bin/../lib/gcc/arm-none-eabi/12.3.1/thumb/v6-m/nofp\libc_nano.a(libc_a-findfp.o)
                                                  c:/arm-gnu-toolchain-12.3.rel1-mingw-w64-i686-arm-none-eabi/bin/../lib/gcc/arm-none-eabi/12.3.1/thumb/v6-m/nofp\libc_nano.a(libc_a-fflush.o)
__sread                                           c:/arm-gnu-toolchain-12.3.rel1-mingw-w64-i686-arm-none-eabi/bin/../lib/gcc/arm-none-eabi/12.3.1/thumb/v6-m/nofp\libc_nano.a(libc_a-stdio.o)
                                                  c:/arm-gnu-toolchain-12.3.rel1-mingw-w64-i686-arm-none-eabi/bin/../lib/gcc/arm-none-eabi/12.3.1/thumb/v6-m/nofp\libc_nano.a(libc_a-findfp.o)
__sseek                                           c:/arm-gnu-toolchain-12.3.rel1-mingw-w64-i686-arm-none-eabi/bin/../lib/gcc/arm-none-eabi/12.3.1/thumb/v6-m/nofp\libc_nano.a(libc_a-stdio.o)
                                                  c:/arm-gnu-toolchain-12.3.rel1-mingw-w64-i686-arm-none-eabi/bin/../lib/gcc/arm-none-eabi/12.3.1/thumb/v6-m/nofp\libc_nano.a(libc_a-findfp.o)
__stack                                           c:/arm-gnu-toolchain-12.3.rel1-mingw-w64-i686-arm-none-eabi/bin/../lib/gcc/arm-none-eabi/12.3.1/thumb/v6-m/nofp/crt0.o
__stdio_exit_handler                              c:/arm-gnu-toolchain-12.3.rel1-mingw-w64-i686-arm-none-eabi/bin/../lib/gcc/arm-none-eabi/12.3.1/thumb/v6-m/nofp\libc_nano.a(libc_a-findfp.o)
                                                  c:/arm-gnu-toolchain-12.3.rel1-mingw-w64-i686-arm-none-eabi/bin/../lib/gcc/arm-none-eabi/12.3.1/thumb/v6-m/nofp\libc_nano.a(libc_a-exit.o)
__swrite                                          c:/arm-gnu-toolchain-12.3.rel1-mingw-w64-i686-arm-none-eabi/bin/../lib/gcc/arm-none-eabi/12.3.1/thumb/v6-m/nofp\libc_nano.a(libc_a-stdio.o)
                                                  c:/arm-gnu-toolchain-12.3.rel1-mingw-w64-i686-arm-none-eabi/bin/../lib/gcc/arm-none-eabi/12.3.1/thumb/v6-m/nofp\libc_nano.a(libc_a-findfp.o)
__udivsi3                                         c:/arm-gnu-toolchain-12.3.rel1-mingw-w64-i686-arm-none-eabi/bin/../lib/gcc/arm-none-eabi/12.3.1/thumb/v6-m/nofp\libgcc.a(_udivsi3.o)
_close                                            build/syscalls.o
                                                  c:/arm-gnu-toolchain-12.3.rel1-mingw-w64-i686-arm-none-eabi/bin/../lib/gcc/arm-none-eabi/12.3.1/thumb/v6-m/nofp\libc_nano.a(libc_a-closer.o)
_close_r                                          c:/arm-gnu-toolchain-12.3.rel1-mingw-w64-i686-arm-none-eabi/bin/../lib/gcc/arm-none-eabi/12.3.1/thumb/v6-m/nofp\libc_nano.a(libc_a-closer.o)
                                                  c:/arm-gnu-toolchain-12.3.rel1-mingw-w64-i686-arm-none-eabi/bin/../lib/gcc/arm-none-eabi/12.3.1/thumb/v6-m/nofp\libc_nano.a(libc_a-stdio.o)
_ebss                                             build/startup_stm32f072xb.o
_edata                                            build/startup_stm32f072xb.o
_estack                                           build/startup_stm32f072xb.o
_exit                                             c:/arm-gnu-toolchain-12.3.rel1-mingw-w64-i686-arm-none-eabi/bin/../lib/gcc/arm-none-eabi/12.3.1/thumb/v6-m/nofp\libnosys.a(_exit.o)
                                                  c:/arm-gnu-toolchain-12.3.rel1-mingw-w64-i686-arm-none-eabi/bin/../lib/gcc/arm-none-eabi/12.3.1/thumb/v6-m/nofp\libc_nano.a(libc_a-exit.o)
_fflush_r                                         c:/arm-gnu-toolchain-12.3.rel1-mingw-w64-i686-arm-none-eabi/bin/../lib/gcc/arm-none-eabi/12.3.1/thumb/v6-m/nofp\libc_nano.a(libc_a-fflush.o)
                                                  c:/arm-gnu-toolchain-12.3.rel1-mingw-w64-i686-arm-none-eabi/bin/../lib/gcc/arm-none-eabi/12.3.1/thumb/v6-m/nofp\libc_nano.a(libc_a-findfp.o)
_fini                                             c:/arm-gnu-toolchain-12.3.rel1-mingw-w64-i686-arm-none-eabi/bin/../lib/gcc/arm-none-eabi/12.3.1/thumb/v6-m/nofp/crti.o
_free_r                                           c:/arm-gnu-toolchain-12.3.rel1-mingw-w64-i686-arm-none-eabi/bin/../lib/gcc/arm-none-eabi/12.3.1/thumb/v6-m/nofp\libc_nano.a(libc_a-freer.o)
                                                  c:/arm-gnu-toolchain-12.3.rel1-mingw-w64-i686-arm-none-eabi/bin/../lib/gcc/arm-none-eabi/12.3.1/thumb/v6-m/nofp\libc_nano.a(libc_a-fflush.o)
                                                  c:/arm-gnu-toolchain-12.3.rel1-mingw-w64-i686-arm-none-eabi/bin/../lib/gcc/arm-none-eabi/12.3.1/thumb/v6-m/nofp\libc_nano.a(libc_a-reent.o)
_fwalk_sglue                                      c:/arm-gnu-toolchain-12.3.rel1-mingw-w64-i686-arm-none-eabi/bin/../lib/gcc/arm-none-eabi/12.3.1/thumb/v6-m/nofp\libc_nano.a(libc_a-fwalk.o)
                                                  c:/arm-gnu-toolchain-12.3.rel1-mingw-w64-i686-arm-none-eabi/bin/../lib/gcc/arm-none-eabi/12.3.1/thumb/v6-m/nofp\libc_nano.a(libc_a-fflush.o)
                                                  c:/arm-gnu-toolchain-12.3.rel1-mingw-w64-i686-arm-none-eabi/bin/../lib/gcc/arm-none-eabi/12.3.1/thumb/v6-m/nofp\libc_nano.a(libc_a-findfp.o)
_impure_data                                      c:/arm-gnu-toolchain-12.3.rel1-mingw-w64-i686-arm-none-eabi/bin/../lib/gcc/arm-none-eabi/12.3.1/thumb/v6-m/nofp\libc_nano.a(libc_a-impure.o)
                                                  c:/arm-gnu-toolchain-12.3.rel1-mingw-w64-i686-arm-none-eabi/bin/../lib/gcc/arm-none-eabi/12.3.1/thumb/v6-m/nofp\libc_nano.a(libc_a-fflush.o)
                                                  c:/arm-gnu-toolchain-12.3.rel1-mingw-w64-i686-arm-none-eabi/bin/../lib/gcc/arm-none-eabi/12.3.1/thumb/v6-m/nofp\libc_nano.a(libc_a-findfp.o)
_impure_ptr                                       c:/arm-gnu-toolchain-12.3.rel1-mingw-w64-i686-arm-none-eabi/bin/../lib/gcc/arm-none-eabi/12.3.1/thumb/v6-m/nofp\libc_nano.a(libc_a-impure.o)
                                                  c:/arm-gnu-toolchain-12.3.rel1-mingw-w64-i686-arm-none-eabi/bin/../lib/gcc/arm-none-eabi/12.3.1/thumb/v6-m/nofp\libc_nano.a(libc_a-fflush.o)
                                                  c:/arm-gnu-toolchain-12.3.rel1-mingw-w64-i686-arm-none-eabi/bin/../lib/gcc/arm-none-eabi/12.3.1/thumb/v6-m/nofp\libc_nano.a(libc_a-reent.o)
_init                                             c:/arm-gnu-toolchain-12.3.rel1-mingw-w64-i686-arm-none-eabi/bin/../lib/gcc/arm-none-eabi/12.3.1/thumb/v6-m/nofp/crti.o
                                                  c:/arm-gnu-toolchain-12.3.rel1-mingw-w64-i686-arm-none-eabi/bin/../lib/gcc/arm-none-eabi/12.3.1/thumb/v6-m/nofp\libc_nano.a(libc_a-init.o)
_lseek                                            build/syscalls.o
                                                  c:/arm-gnu-toolchain-12.3.rel1-mingw-w64-i686-arm-none-eabi/bin/../lib/gcc/arm-none-eabi/12.3.1/thumb/v6-m/nofp\libc_nano.a(libc_a-lseekr.o)
_lseek_r                                          c:/arm-gnu-toolchain-12.3.rel1-mingw-w64-i686-arm-none-eabi/bin/../lib/gcc/arm-none-eabi/12.3.1/thumb/v6-m/nofp\libc_nano.a(libc_a-lseekr.o)
                                                  c:/arm-gnu-toolchain-12.3.rel1-mingw-w64-i686-arm-none-eabi/bin/../lib/gcc/arm-none-eabi/12.3.1/thumb/v6-m/nofp\libc_nano.a(libc_a-stdio.o)
_mainCRTStartup                                   c:/arm-gnu-toolchain-12.3.rel1-mingw-w64-i686-arm-none-eabi/bin/../lib/gcc/arm-none-eabi/12.3.1/thumb/v6-m/nofp/crt0.o
_malloc_r                                         c:/arm-gnu-toolchain-12.3.rel1-mingw-w64-i686-arm-none-eabi/bin/../lib/gcc/arm-none-eabi/12.3.1/thumb/v6-m/nofp\libc_nano.a(libc_a-mallocr.o)
                                                  c:/arm-gnu-toolchain-12.3.rel1-mingw-w64-i686-arm-none-eabi/bin/../lib/gcc/arm-none-eabi/12.3.1/thumb/v6-m/nofp\libc_nano.a(libc_a-findfp.o)
_read                                             build/syscalls.o
                                                  c:/arm-gnu-toolchain-12.3.rel1-mingw-w64-i686-arm-none-eabi/bin/../lib/gcc/arm-none-eabi/12.3.1/thumb/v6-m/nofp\libc_nano.a(libc_a-readr.o)
_read_r                                           c:/arm-gnu-toolchain-12.3.rel1-mingw-w64-i686-arm-none-eabi/bin/../lib/gcc/arm-none-eabi/12.3.1/thumb/v6-m/nofp\libc_nano.a(libc_a-readr.o)
                                                  c:/arm-gnu-toolchain-12.3.rel1-mingw-w64-i686-arm-none-eabi/bin/../lib/gcc/arm-none-eabi/12.3.1/thumb/v6-m/nofp\libc_nano.a(libc_a-stdio.o)
_reclaim_reent                                    c:/arm-gnu-toolchain-12.3.rel1-mingw-w64-i686-arm-none-eabi/bin/../lib/gcc/arm-none-eabi/12.3.1/thumb/v6-m/nofp\libc_nano.a(libc_a-reent.o)
_sbrk                                             c:/arm-gnu-toolchain-12.3.rel1-mingw-w64-i686-arm-none-eabi/bin/../lib/gcc/arm-none-eabi/12.3.1/thumb/v6-m/nofp\libnosys.a(sbrk.o)
                                                  c:/arm-gnu-toolchain-12.3.rel1-mingw-w64-i686-arm-none-eabi/bin/../lib/gcc/arm-none-eabi/12.3.1/thumb/v6-m/nofp\libc_nano.a(libc_a-sbrkr.o)
_sbrk_r                                           c:/arm-gnu-toolchain-12.3.rel1-mingw-w64-i686-arm-none-eabi/bin/../lib/gcc/arm-none-eabi/12.3.1/thumb/v6-m/nofp\libc_nano.a(libc_a-sbrkr.o)
                                                  c:/arm-gnu-toolchain-12.3.rel1-mingw-w64-i686-arm-none-eabi/bin/../lib/gcc/arm-none-eabi/12.3.1/thumb/v6-m/nofp\libc_nano.a(libc_a-mallocr.o)
_sbss                                             build/startup_stm32f072xb.o
_sdata                                            build/startup_stm32f072xb.o
_sidata                                           build/startup_stm32f072xb.o
_stack_init                                       c:/arm-gnu-toolchain-12.3.rel1-mingw-w64-i686-arm-none-eabi/bin/../lib/gcc/arm-none-eabi/12.3.1/thumb/v6-m/nofp/crt0.o
_start                                            c:/arm-gnu-toolchain-12.3.rel1-mingw-w64-i686-arm-none-eabi/bin/../lib/gcc/arm-none-eabi/12.3.1/thumb/v6-m/nofp/crt0.o
_write                                            build/syscalls.o
                                                  c:/arm-gnu-toolchain-12.3.rel1-mingw-w64-i686-arm-none-eabi/bin/../lib/gcc/arm-none-eabi/12.3.1/thumb/v6-m/nofp\libc_nano.a(libc_a-writer.o)
_write_r                                          c:/arm-gnu-toolchain-12.3.rel1-mingw-w64-i686-arm-none-eabi/bin/../lib/gcc/arm-none-eabi/12.3.1/thumb/v6-m/nofp\libc_nano.a(libc_a-writer.o)
                                                  c:/arm-gnu-toolchain-12.3.rel1-mingw-w64-i686-arm-none-eabi/bin/../lib/gcc/arm-none-eabi/12.3.1/thumb/v6-m/nofp\libc_nano.a(libc_a-stdio.o)
atexit                                            c:/arm-gnu-toolchain-12.3.rel1-mingw-w64-i686-arm-none-eabi/bin/../lib/gcc/arm-none-eabi/12.3.1/thumb/v6-m/nofp/crt0.o
enable_counter                                    build/timers.o
                                                  build/stm32f0xx_it.o
                                                  build/flash.o
end                                               c:/arm-gnu-toolchain-12.3.rel1-mingw-w64-i686-arm-none-eabi/bin/../lib/gcc/arm-none-eabi/12.3.1/thumb/v6-m/nofp\libnosys.a(sbrk.o)
errno                                             c:/arm-gnu-toolchain-12.3.rel1-mingw-w64-i686-arm-none-eabi/bin/../lib/gcc/arm-none-eabi/12.3.1/thumb/v6-m/nofp\libc_nano.a(libc_a-reent.o)
                                                  c:/arm-gnu-toolchain-12.3.rel1-mingw-w64-i686-arm-none-eabi/bin/../lib/gcc/arm-none-eabi/12.3.1/thumb/v6-m/nofp\libc_nano.a(libc_a-sbrkr.o)
                                                  c:/arm-gnu-toolchain-12.3.rel1-mingw-w64-i686-arm-none-eabi/bin/../lib/gcc/arm-none-eabi/12.3.1/thumb/v6-m/nofp\libc_nano.a(libc_a-writer.o)
                                                  c:/arm-gnu-toolchain-12.3.rel1-mingw-w64-i686-arm-none-eabi/bin/../lib/gcc/arm-none-eabi/12.3.1/thumb/v6-m/nofp\libc_nano.a(libc_a-readr.o)
                                                  c:/arm-gnu-toolchain-12.3.rel1-mingw-w64-i686-arm-none-eabi/bin/../lib/gcc/arm-none-eabi/12.3.1/thumb/v6-m/nofp\libc_nano.a(libc_a-lseekr.o)
                                                  c:/arm-gnu-toolchain-12.3.rel1-mingw-w64-i686-arm-none-eabi/bin/../lib/gcc/arm-none-eabi/12.3.1/thumb/v6-m/nofp\libc_nano.a(libc_a-closer.o)
exit                                              c:/arm-gnu-toolchain-12.3.rel1-mingw-w64-i686-arm-none-eabi/bin/../lib/gcc/arm-none-eabi/12.3.1/thumb/v6-m/nofp\libc_nano.a(libc_a-exit.o)
                                                  c:/arm-gnu-toolchain-12.3.rel1-mingw-w64-i686-arm-none-eabi/bin/../lib/gcc/arm-none-eabi/12.3.1/thumb/v6-m/nofp/crt0.o
fflush                                            c:/arm-gnu-toolchain-12.3.rel1-mingw-w64-i686-arm-none-eabi/bin/../lib/gcc/arm-none-eabi/12.3.1/thumb/v6-m/nofp\libc_nano.a(libc_a-fflush.o)
g_pfnVectors                                      build/startup_stm32f072xb.o
                                                  build/system_stm32f0xx.o
hardware_init_hook                                c:/arm-gnu-toolchain-12.3.rel1-mingw-w64-i686-arm-none-eabi/bin/../lib/gcc/arm-none-eabi/12.3.1/thumb/v6-m/nofp/crt0.o
main                                              build/main.o
                                                  build/startup_stm32f072xb.o
                                                  c:/arm-gnu-toolchain-12.3.rel1-mingw-w64-i686-arm-none-eabi/bin/../lib/gcc/arm-none-eabi/12.3.1/thumb/v6-m/nofp/crt0.o
memcpy                                            c:/arm-gnu-toolchain-12.3.rel1-mingw-w64-i686-arm-none-eabi/bin/../lib/gcc/arm-none-eabi/12.3.1/thumb/v6-m/nofp\libc_nano.a(libc_a-memcpy-stub.o)
                                                  build/system_stm32f0xx.o
memset                                            c:/arm-gnu-toolchain-12.3.rel1-mingw-w64-i686-arm-none-eabi/bin/../lib/gcc/arm-none-eabi/12.3.1/thumb/v6-m/nofp\libc_nano.a(libc_a-memset.o)
                                                  c:/arm-gnu-toolchain-12.3.rel1-mingw-w64-i686-arm-none-eabi/bin/../lib/gcc/arm-none-eabi/12.3.1/thumb/v6-m/nofp\libc_nano.a(libc_a-findfp.o)
                                                  build/main.o
                                                  c:/arm-gnu-toolchain-12.3.rel1-mingw-w64-i686-arm-none-eabi/bin/../lib/gcc/arm-none-eabi/12.3.1/thumb/v6-m/nofp/crt0.o
pFlash                                            build/stm32f0xx_hal_flash.o
                                                  build/stm32f0xx_hal_flash_ex.o
ram_isr_vector                                    build/system_stm32f0xx.o
ram_isr_vector_end                                build/system_stm32f0xx.o
software_init_hook                                c:/arm-gnu-toolchain-12.3.rel1-mingw-w64-i686-arm-none-eabi/bin/../lib/gcc/arm-none-eabi/12.3.1/thumb/v6-m/nofp/crt0.o
tick2                                             build/timers.o
                                                  build/stm32f0xx_it.o
tickcounter                                       build/timers.o
                                                  build/stm32f0xx_it.o
                                                  build/flash.o
uwTick                                            build/stm32f0xx_hal.o
                                                  build/stm32f0xx_it.o
                                                  build/timers.o
                                                  build/flash.o
uwTickFreq                                        build/stm32f0xx_hal.o
                                                  build/stm32f0xx_it.o
                                                  build/timers.o
uwTickPrio                                        build/stm32f0xx_hal.o
                                                  build/stm32f0xx_hal_rcc.o
